Archive member included to satisfy reference by file (symbol)

/usr/lib/gcc/arm-none-eabi/10.3.1/thumb/v6-m/nofp/libgcc.a(_dvmd_tls.o)
                              CMakeFiles/Graduation_Project.dir/home/uzygncr/pico/pico-sdk/src/rp2_common/pico_divider/divider_hardware.S.o (__aeabi_idiv0)
/usr/lib/gcc/arm-none-eabi/10.3.1/../../../arm-none-eabi/lib/thumb/v6-m/nofp/libg.a(lib_a-atexit.o)
                              /usr/lib/gcc/arm-none-eabi/10.3.1/../../../arm-none-eabi/lib/thumb/v6-m/nofp/crt0.o (atexit)
/usr/lib/gcc/arm-none-eabi/10.3.1/../../../arm-none-eabi/lib/thumb/v6-m/nofp/libg.a(lib_a-atoi.o)
                              CMakeFiles/Graduation_Project.dir/home/uzygncr/pico/pico-sdk/lib/lwip/src/core/netif.c.o (atoi)
/usr/lib/gcc/arm-none-eabi/10.3.1/../../../arm-none-eabi/lib/thumb/v6-m/nofp/libg.a(lib_a-calloc.o)
                              CMakeFiles/Graduation_Project.dir/home/uzygncr/pico/pico-sdk/src/rp2_common/pico_malloc/malloc.c.o (calloc)
/usr/lib/gcc/arm-none-eabi/10.3.1/../../../arm-none-eabi/lib/thumb/v6-m/nofp/libg.a(lib_a-callocr.o)
                              /usr/lib/gcc/arm-none-eabi/10.3.1/../../../arm-none-eabi/lib/thumb/v6-m/nofp/libg.a(lib_a-calloc.o) (_calloc_r)
/usr/lib/gcc/arm-none-eabi/10.3.1/../../../arm-none-eabi/lib/thumb/v6-m/nofp/libg.a(lib_a-ctype_.o)
                              CMakeFiles/Graduation_Project.dir/home/uzygncr/pico/pico-sdk/lib/lwip/src/core/dns.c.o (_ctype_)
/usr/lib/gcc/arm-none-eabi/10.3.1/../../../arm-none-eabi/lib/thumb/v6-m/nofp/libg.a(lib_a-fini.o)
                              /usr/lib/gcc/arm-none-eabi/10.3.1/../../../arm-none-eabi/lib/thumb/v6-m/nofp/crt0.o (__libc_fini_array)
/usr/lib/gcc/arm-none-eabi/10.3.1/../../../arm-none-eabi/lib/thumb/v6-m/nofp/libg.a(lib_a-impure.o)
                              /usr/lib/gcc/arm-none-eabi/10.3.1/../../../arm-none-eabi/lib/thumb/v6-m/nofp/libg.a(lib_a-calloc.o) (_impure_ptr)
/usr/lib/gcc/arm-none-eabi/10.3.1/../../../arm-none-eabi/lib/thumb/v6-m/nofp/libg.a(lib_a-init.o)
                              /usr/lib/gcc/arm-none-eabi/10.3.1/../../../arm-none-eabi/lib/thumb/v6-m/nofp/crt0.o (__libc_init_array)
/usr/lib/gcc/arm-none-eabi/10.3.1/../../../arm-none-eabi/lib/thumb/v6-m/nofp/libg.a(lib_a-lcltime_r.o)
                              CMakeFiles/Graduation_Project.dir/home/uzygncr/pico/pico-sdk/src/common/pico_util/datetime.c.o (localtime_r)
/usr/lib/gcc/arm-none-eabi/10.3.1/../../../arm-none-eabi/lib/thumb/v6-m/nofp/libg.a(lib_a-malloc.o)
                              CMakeFiles/Graduation_Project.dir/home/uzygncr/pico/pico-sdk/src/rp2_common/pico_malloc/malloc.c.o (malloc)
/usr/lib/gcc/arm-none-eabi/10.3.1/../../../arm-none-eabi/lib/thumb/v6-m/nofp/libg.a(lib_a-mallocr.o)
                              /usr/lib/gcc/arm-none-eabi/10.3.1/../../../arm-none-eabi/lib/thumb/v6-m/nofp/libg.a(lib_a-callocr.o) (_malloc_r)
/usr/lib/gcc/arm-none-eabi/10.3.1/../../../arm-none-eabi/lib/thumb/v6-m/nofp/libg.a(lib_a-memcmp.o)
                              CMakeFiles/Graduation_Project.dir/home/uzygncr/pico/pico-sdk/lib/lwip/src/netif/ethernet.c.o (memcmp)
/usr/lib/gcc/arm-none-eabi/10.3.1/../../../arm-none-eabi/lib/thumb/v6-m/nofp/libg.a(lib_a-memmove.o)
                              CMakeFiles/Graduation_Project.dir/home/uzygncr/pico/pico-sdk/lib/lwip/src/core/def.c.o (memmove)
/usr/lib/gcc/arm-none-eabi/10.3.1/../../../arm-none-eabi/lib/thumb/v6-m/nofp/libg.a(lib_a-mktime.o)
                              CMakeFiles/Graduation_Project.dir/home/uzygncr/pico/pico-sdk/src/common/pico_util/datetime.c.o (mktime)
/usr/lib/gcc/arm-none-eabi/10.3.1/../../../arm-none-eabi/lib/thumb/v6-m/nofp/libg.a(lib_a-mlock.o)
                              /usr/lib/gcc/arm-none-eabi/10.3.1/../../../arm-none-eabi/lib/thumb/v6-m/nofp/libg.a(lib_a-mallocr.o) (__malloc_lock)
/usr/lib/gcc/arm-none-eabi/10.3.1/../../../arm-none-eabi/lib/thumb/v6-m/nofp/libg.a(lib_a-month_lengths.o)
                              /usr/lib/gcc/arm-none-eabi/10.3.1/../../../arm-none-eabi/lib/thumb/v6-m/nofp/libg.a(lib_a-lcltime_r.o) (__month_lengths)
/usr/lib/gcc/arm-none-eabi/10.3.1/../../../arm-none-eabi/lib/thumb/v6-m/nofp/libg.a(lib_a-rand.o)
                              CMakeFiles/Graduation_Project.dir/main.c.o (rand)
/usr/lib/gcc/arm-none-eabi/10.3.1/../../../arm-none-eabi/lib/thumb/v6-m/nofp/libg.a(lib_a-realloc.o)
                              CMakeFiles/Graduation_Project.dir/home/uzygncr/pico/pico-sdk/src/rp2_common/pico_malloc/malloc.c.o (realloc)
/usr/lib/gcc/arm-none-eabi/10.3.1/../../../arm-none-eabi/lib/thumb/v6-m/nofp/libg.a(lib_a-reallocr.o)
                              /usr/lib/gcc/arm-none-eabi/10.3.1/../../../arm-none-eabi/lib/thumb/v6-m/nofp/libg.a(lib_a-realloc.o) (_realloc_r)
/usr/lib/gcc/arm-none-eabi/10.3.1/../../../arm-none-eabi/lib/thumb/v6-m/nofp/libg.a(lib_a-sbrkr.o)
                              /usr/lib/gcc/arm-none-eabi/10.3.1/../../../arm-none-eabi/lib/thumb/v6-m/nofp/libg.a(lib_a-mallocr.o) (_sbrk_r)
[...]
Memory Configuration

Name             Origin             Length             Attributes
FLASH            0x0000000010000000 0x0000000000200000 xr
RAM              0x0000000020000000 0x0000000000040000 xrw
SCRATCH_X        0x0000000020040000 0x0000000000001000 xrw
SCRATCH_Y        0x0000000020041000 0x0000000000001000 xrw
*default*        0x0000000000000000 0xffffffffffffffff

Linker script and memory map

LOAD /usr/lib/gcc/arm-none-eabi/10.3.1/thumb/v6-m/nofp/crti.o
LOAD /usr/lib/gcc/arm-none-eabi/10.3.1/thumb/v6-m/nofp/crtbegin.o
LOAD /usr/lib/gcc/arm-none-eabi/10.3.1/../../../arm-none-eabi/lib/thumb/v6-m/nofp/crt0.o

.flash_begin    0x0000000010000000        0x0
                0x0000000010000000                __flash_binary_start = .

.boot2          0x0000000010000000      0x100
                0x0000000010000000                __boot2_start__ = .
 *(.boot2)
 .boot2         0x0000000010000000      0x100 pico-sdk/src/rp2040/boot_stage2/CMakeFiles/bs2_default_library.dir/bs2_default_padded_checksummed.S.o
                0x0000000010000100                __boot2_end__ = .
                0x0000000000000001                ASSERT (((__boot2_end__ - __boot2_start__) == 0x100), ERROR: Pico second stage bootloader must be 256 bytes in size)

.text           0x0000000010000100    0x11f1c
                0x0000000010000100                __logical_binary_start = .
 *(.vectors)
 .vectors       0x0000000010000100       0xd4 CMakeFiles/Graduation_Project.dir/home/uzygncr/pico/pico-sdk/src/rp2_common/pico_crt0/crt0.S.o
                0x0000000010000100                __vectors
                0x0000000010000100                __VECTOR_TABLE
                0x00000000100001c0                isr_invalid
                0x00000000100001c0                __default_isrs_start
                0x00000000100001c2                isr_nmi
                0x00000000100001c4                isr_hardfault
                0x00000000100001c6                isr_svcall
                0x00000000100001c8                isr_pendsv
                0x00000000100001ca                isr_systick
                0x00000000100001cc                isr_irq30
                0x00000000100001cc                __unhandled_user_irq
                0x00000000100001cc                isr_irq13
                0x00000000100001cc                isr_irq27
                0x00000000100001cc                isr_irq31
                0x00000000100001cc                isr_irq5
                0x00000000100001cc                isr_irq11
                0x00000000100001cc                isr_irq23
                0x00000000100001cc                isr_irq18
                0x00000000100001cc                isr_irq28
                0x00000000100001cc                isr_irq19
                0x00000000100001cc                isr_irq0
                0x00000000100001cc                isr_irq6
                0x00000000100001cc                isr_irq22
                0x00000000100001cc                isr_irq17
                0x00000000100001cc                isr_irq14
                0x00000000100001cc                isr_irq2
                0x00000000100001cc                isr_irq10
                0x00000000100001cc                isr_irq8
                0x00000000100001cc                isr_irq24
                0x00000000100001cc                isr_irq1
                0x00000000100001cc                isr_irq7
                0x00000000100001cc                isr_irq21
                0x00000000100001cc                isr_irq20
                0x00000000100001cc                isr_irq15
                0x00000000100001cc                isr_irq25
                0x00000000100001cc                isr_irq4
                0x00000000100001cc                isr_irq16
                0x00000000100001cc                isr_irq29
                0x00000000100001cc                isr_irq26
                0x00000000100001cc                __default_isrs_end
                0x00000000100001cc                isr_irq3
                0x00000000100001cc                isr_irq12
                0x00000000100001cc                isr_irq9
                0x00000000100001d2                unhandled_user_irq_num_in_r0
 *(.binary_info_header)
 .binary_info_header
                0x00000000100001d4       0x14 CMakeFiles/Graduation_Project.dir/home/uzygncr/pico/pico-sdk/src/rp2_common/pico_crt0/crt0.S.o
                0x00000000100001e8                __binary_info_header_end = .
 *(.embedded_block)
                0x00000000100001e8                __embedded_block_end = .
 *(.reset)
 .reset         0x00000000100001e8       0x9c CMakeFiles/Graduation_Project.dir/home/uzygncr/pico/pico-sdk/src/rp2_common/pico_crt0/crt0.S.o
                0x00000000100001e8                _entry_point
 *(.init)
 .init          0x0000000010000284        0x4 /usr/lib/gcc/arm-none-eabi/10.3.1/thumb/v6-m/nofp/crti.o
                0x0000000010000284                _init
 *(EXCLUDE_FILE(*libm.a: *libc.a:*lib_a-mem*.o *libgcc.a:) .text*)
 .text          0x0000000010000288       0x98 /usr/lib/gcc/arm-none-eabi/10.3.1/thumb/v6-m/nofp/crtbegin.o
 .text.blink_init
                0x0000000010000320       0x20 CMakeFiles/Graduation_Project.dir/blink.c.o
                0x0000000010000320                blink_init
 .text.blink_callback
                0x0000000010000340       0x1c CMakeFiles/Graduation_Project.dir/blink.c.o
                0x0000000010000340                blink_callback
 .text.calibrate_encoder
                0x000000001000035c      0x110 CMakeFiles/Graduation_Project.dir/calibration.c.o
                0x000000001000035c                calibrate_encoder
 .text.encoder_isr
                0x000000001000046c       0x68 CMakeFiles/Graduation_Project.dir/encoder.c.o
                0x000000001000046c                encoder_isr
 .text.encoder_init
                0x00000000100004d4       0x3c CMakeFiles/Graduation_Project.dir/encoder.c.o
                0x00000000100004d4                encoder_init
 .text.encoder_get_ticks
                0x0000000010000510        0xc CMakeFiles/Graduation_Project.dir/encoder.c.o
                0x0000000010000510                encoder_get_ticks
 .text.encoder_reset
                0x000000001000051c        0xc CMakeFiles/Graduation_Project.dir/encoder.c.o
                0x000000001000051c                encoder_reset
 .text.lcd_send_byte
                0x0000000010000528      0x10c CMakeFiles/Graduation_Project.dir/lcd.c.o
                0x0000000010000528                lcd_send_byte
 .text.lcd_init
                0x0000000010000634       0x4c CMakeFiles/Graduation_Project.dir/lcd.c.o
                0x0000000010000634                lcd_init
 .text.lcd_clear
                0x0000000010000680       0x14 CMakeFiles/Graduation_Project.dir/lcd.c.o
                0x0000000010000680                lcd_clear
 .text.lcd_set_cursor
                0x0000000010000694       0x18 CMakeFiles/Graduation_Project.dir/lcd.c.o
                0x0000000010000694                lcd_set_cursor
 .text.lcd_print
                0x00000000100006ac       0x1c CMakeFiles/Graduation_Project.dir/lcd.c.o
                0x00000000100006ac                lcd_print
 .text.update_encoder_callback
                0x00000000100006c8       0x14 CMakeFiles/Graduation_Project.dir/main.c.o
                0x00000000100006c8                update_encoder_callback
 .text.print_data
                0x00000000100006dc      0x1c8 CMakeFiles/Graduation_Project.dir/main.c.o
                0x00000000100006dc                print_data
 .text.print_data_callback
                0x00000000100008a4        0xc CMakeFiles/Graduation_Project.dir/main.c.o
                0x00000000100008a4                print_data_callback
 .text.startup.main
                0x00000000100008b0       0xf8 CMakeFiles/Graduation_Project.dir/main.c.o
                0x00000000100008b0                main
 .text.motor_init
                0x00000000100009a8       0x30 CMakeFiles/Graduation_Project.dir/motor.c.o
                0x00000000100009a8                motor_init
 .text.get_position
                0x00000000100009d8        0xc CMakeFiles/Graduation_Project.dir/motor.c.o
                0x00000000100009d8                get_position
 .text.get_speed
                0x00000000100009e4        0xc CMakeFiles/Graduation_Project.dir/motor.c.o
                0x00000000100009e4                get_speed
 .text.get_acceleration
                0x00000000100009f0        0xc CMakeFiles/Graduation_Project.dir/motor.c.o
                0x00000000100009f0                get_acceleration
 .text.step_motor
                0x00000000100009fc      0x2c8 CMakeFiles/Graduation_Project.dir/motor.c.o
                0x00000000100009fc                step_motor
 .text.lwip_timeout_reached
                0x0000000010000cc4        0x8 CMakeFiles/Graduation_Project.dir/home/uzygncr/pico/pico-sdk/src/rp2_common/pico_lwip/lwip_nosys.c.o
 .text.update_next_timeout
                0x0000000010000ccc       0x6c CMakeFiles/Graduation_Project.dir/home/uzygncr/pico/pico-sdk/src/rp2_common/pico_lwip/lwip_nosys.c.o
 .text.lwip_nosys_init
                0x0000000010000d38       0x30 CMakeFiles/Graduation_Project.dir/home/uzygncr/pico/pico-sdk/src/rp2_common/pico_lwip/lwip_nosys.c.o
                0x0000000010000d38                lwip_nosys_init
 .text.lwip_nosys_deinit
                0x0000000010000d68       0x20 CMakeFiles/Graduation_Project.dir/home/uzygncr/pico/pico-sdk/src/rp2_common/pico_lwip/lwip_nosys.c.o
                0x0000000010000d68                lwip_nosys_deinit
 .text.sys_arch_protect
                0x0000000010000d88        0x4 CMakeFiles/Graduation_Project.dir/home/uzygncr/pico/pico-sdk/src/rp2_common/pico_lwip/lwip_nosys.c.o
                0x0000000010000d88                sys_arch_protect
 .text.sys_arch_unprotect
                0x0000000010000d8c        0x4 CMakeFiles/Graduation_Project.dir/home/uzygncr/pico/pico-sdk/src/rp2_common/pico_lwip/lwip_nosys.c.o
                0x0000000010000d8c                sys_arch_unprotect
 .text.sys_now  0x0000000010000d90       0x20 CMakeFiles/Graduation_Project.dir/home/uzygncr/pico/pico-sdk/src/rp2_common/pico_lwip/lwip_nosys.c.o
                0x0000000010000d90                sys_now
 .text.async_context_base_add_at_time_worker
                0x0000000010000db0       0x28 CMakeFiles/Graduation_Project.dir/home/uzygncr/pico/pico-sdk/src/rp2_common/pico_async_context/async_context_base.c.o
                0x0000000010000db0                async_context_base_add_at_time_worker
 .text.async_context_base_remove_at_time_worker
                0x0000000010000dd8       0x28 CMakeFiles/Graduation_Project.dir/home/uzygncr/pico/pico-sdk/src/rp2_common/pico_async_context/async_context_base.c.o
                0x0000000010000dd8                async_context_base_remove_at_time_worker
 .text.async_context_base_add_when_pending_worker
                0x0000000010000e00       0x24 CMakeFiles/Graduation_Project.dir/home/uzygncr/pico/pico-sdk/src/rp2_common/pico_async_context/async_context_base.c.o
                0x0000000010000e00                async_context_base_add_when_pending_worker
 .text.async_context_base_remove_when_pending_worker
                0x0000000010000e24       0x28 CMakeFiles/Graduation_Project.dir/home/uzygncr/pico/pico-sdk/src/rp2_common/pico_async_context/async_context_base.c.o
                0x0000000010000e24                async_context_base_remove_when_pending_worker
 .text.async_context_base_execute_once
                0x0000000010000e4c       0xe8 CMakeFiles/Graduation_Project.dir/home/uzygncr/pico/pico-sdk/src/rp2_common/pico_async_context/async_context_base.c.o
                0x0000000010000e4c                async_context_base_execute_once
 .text.async_context_base_needs_servicing
                0x0000000010000f34       0x54 CMakeFiles/Graduation_Project.dir/home/uzygncr/pico/pico-sdk/src/rp2_common/pico_async_context/async_context_base.c.o
                0x0000000010000f34                async_context_base_needs_servicing
 .text.rp2040_chip_version
                0x0000000010000f88        0xc CMakeFiles/Graduation_Project.dir/home/uzygncr/pico/pico-sdk/src/rp2040/pico_platform/platform.c.o
                0x0000000010000f88                rp2040_chip_version
 .text.panic    0x0000000010000f94       0x30 CMakeFiles/Graduation_Project.dir/home/uzygncr/pico/pico-sdk/src/rp2_common/pico_platform_panic/panic.c.o
                0x0000000010000f94                panic
 .text.splitmix64
                0x0000000010000fc4       0x5c CMakeFiles/Graduation_Project.dir/home/uzygncr/pico/pico-sdk/src/rp2_common/pico_rand/rand.c.o
 .text.xoroshiro128ss
                0x0000000010001020       0x90 CMakeFiles/Graduation_Project.dir/home/uzygncr/pico/pico-sdk/src/rp2_common/pico_rand/rand.c.o
 .text.get_rand_64
                0x00000000100010b0      0x484 CMakeFiles/Graduation_Project.dir/home/uzygncr/pico/pico-sdk/src/rp2_common/pico_rand/rand.c.o
                0x00000000100010b0                get_rand_64
 .text.get_rand_32
                0x0000000010001534        0x8 CMakeFiles/Graduation_Project.dir/home/uzygncr/pico/pico-sdk/src/rp2_common/pico_rand/rand.c.o
                0x0000000010001534                get_rand_32
 .text.startup._retrieve_unique_id_on_boot
                0x000000001000153c       0x10 CMakeFiles/Graduation_Project.dir/home/uzygncr/pico/pico-sdk/src/rp2_common/pico_unique_id/unique_id.c.o
 .text.pico_get_unique_board_id
                0x000000001000154c       0x10 CMakeFiles/Graduation_Project.dir/home/uzygncr/pico/pico-sdk/src/rp2_common/pico_unique_id/unique_id.c.o
                0x000000001000154c                pico_get_unique_board_id
 .text.pico_get_unique_board_id_string
                0x000000001000155c      0x1a8 CMakeFiles/Graduation_Project.dir/home/uzygncr/pico/pico-sdk/src/rp2_common/pico_unique_id/unique_id.c.o
                0x000000001000155c                pico_get_unique_board_id_string
 .text.flash_get_unique_id
                0x0000000010001704       0x40 CMakeFiles/Graduation_Project.dir/home/uzygncr/pico/pico-sdk/src/rp2_common/hardware_flash/flash.c.o
                0x0000000010001704                flash_get_unique_id
 .text.hw_claim_lock
                0x0000000010001744       0x18 CMakeFiles/Graduation_Project.dir/home/uzygncr/pico/pico-sdk/src/common/hardware_claim/claim.c.o
                0x0000000010001744                hw_claim_lock
 .text.hw_claim_unlock
                0x000000001000175c       0x14 CMakeFiles/Graduation_Project.dir/home/uzygncr/pico/pico-sdk/src/common/hardware_claim/claim.c.o
                0x000000001000175c                hw_claim_unlock
 .text.hw_claim_or_assert
                0x0000000010001770       0x44 CMakeFiles/Graduation_Project.dir/home/uzygncr/pico/pico-sdk/src/common/hardware_claim/claim.c.o
                0x0000000010001770                hw_claim_or_assert
 .text.hw_claim_unused_from_range
                0x00000000100017b4       0x9c CMakeFiles/Graduation_Project.dir/home/uzygncr/pico/pico-sdk/src/common/hardware_claim/claim.c.o
                0x00000000100017b4                hw_claim_unused_from_range
 .text.hw_claim_clear
                0x0000000010001850       0x38 CMakeFiles/Graduation_Project.dir/home/uzygncr/pico/pico-sdk/src/common/hardware_claim/claim.c.o
                0x0000000010001850                hw_claim_clear
 .text.next_striped_spin_lock_num
                0x0000000010001888       0x18 CMakeFiles/Graduation_Project.dir/home/uzygncr/pico/pico-sdk/src/rp2_common/hardware_sync/sync.c.o
                0x0000000010001888                next_striped_spin_lock_num
 .text.spin_lock_claim_unused
                0x00000000100018a0       0x20 CMakeFiles/Graduation_Project.dir/home/uzygncr/pico/pico-sdk/src/rp2_common/hardware_sync/sync.c.o
                0x00000000100018a0                spin_lock_claim_unused
 .text.spin_locks_reset
                0x00000000100018c0       0x1c CMakeFiles/Graduation_Project.dir/home/uzygncr/pico/pico-sdk/src/rp2_common/hardware_sync_spin_lock/sync_spin_lock.c.o
                0x00000000100018c0                spin_locks_reset
 .text.rom_func_lookup
                0x00000000100018dc       0x10 CMakeFiles/Graduation_Project.dir/home/uzygncr/pico/pico-sdk/src/rp2_common/pico_bootrom/bootrom.c.o
                0x00000000100018dc                rom_func_lookup
 .text.rom_data_lookup
                0x00000000100018ec       0x10 CMakeFiles/Graduation_Project.dir/home/uzygncr/pico/pico-sdk/src/rp2_common/pico_bootrom/bootrom.c.o
                0x00000000100018ec                rom_data_lookup
 .text.rom_funcs_lookup
                0x00000000100018fc       0x44 CMakeFiles/Graduation_Project.dir/home/uzygncr/pico/pico-sdk/src/rp2_common/pico_bootrom/bootrom.c.o
                0x00000000100018fc                rom_funcs_lookup
 .text.rom_reset_usb_boot_extra
                0x0000000010001940       0x28 CMakeFiles/Graduation_Project.dir/home/uzygncr/pico/pico-sdk/src/rp2_common/pico_bootrom/bootrom.c.o
                0x0000000010001940                rom_reset_usb_boot_extra
 .text.sleep_until_callback
                0x0000000010001968       0x30 CMakeFiles/Graduation_Project.dir/home/uzygncr/pico/pico-sdk/src/common/pico_time/time.c.o
 .text.alarm_pool_irq_handler
                0x0000000010001998      0x308 CMakeFiles/Graduation_Project.dir/home/uzygncr/pico/pico-sdk/src/common/pico_time/time.c.o
 .text.runtime_init_default_alarm_pool
                0x0000000010001ca0       0xdc CMakeFiles/Graduation_Project.dir/home/uzygncr/pico/pico-sdk/src/common/pico_time/time.c.o
                0x0000000010001ca0                runtime_init_default_alarm_pool
 .text.alarm_pool_get_default
                0x0000000010001d7c        0x8 CMakeFiles/Graduation_Project.dir/home/uzygncr/pico/pico-sdk/src/common/pico_time/time.c.o
                0x0000000010001d7c                alarm_pool_get_default
 .text.alarm_pool_create_on_timer_with_unused_hardware_alarm
                0x0000000010001d84       0xa8 CMakeFiles/Graduation_Project.dir/home/uzygncr/pico/pico-sdk/src/common/pico_time/time.c.o
                0x0000000010001d84                alarm_pool_create_on_timer_with_unused_hardware_alarm
 .text.alarm_pool_destroy
                0x0000000010001e2c       0x58 CMakeFiles/Graduation_Project.dir/home/uzygncr/pico/pico-sdk/src/common/pico_time/time.c.o
                0x0000000010001e2c                alarm_pool_destroy
 .text.alarm_pool_add_alarm_at
                0x0000000010001e84       0xc8 CMakeFiles/Graduation_Project.dir/home/uzygncr/pico/pico-sdk/src/common/pico_time/time.c.o
                0x0000000010001e84                alarm_pool_add_alarm_at
 .text.alarm_pool_add_alarm_at_force_in_context
                0x0000000010001f4c       0xb0 CMakeFiles/Graduation_Project.dir/home/uzygncr/pico/pico-sdk/src/common/pico_time/time.c.o
                0x0000000010001f4c                alarm_pool_add_alarm_at_force_in_context
 .text.alarm_pool_cancel_alarm
                0x0000000010001ffc       0x7c CMakeFiles/Graduation_Project.dir/home/uzygncr/pico/pico-sdk/src/common/pico_time/time.c.o
                0x0000000010001ffc                alarm_pool_cancel_alarm
 .text.alarm_pool_core_num
                0x0000000010002078        0x4 CMakeFiles/Graduation_Project.dir/home/uzygncr/pico/pico-sdk/src/common/pico_time/time.c.o
                0x0000000010002078                alarm_pool_core_num
 .text.sleep_until
                0x000000001000207c       0xd0 CMakeFiles/Graduation_Project.dir/home/uzygncr/pico/pico-sdk/src/common/pico_time/time.c.o
                0x000000001000207c                sleep_until
 .text.sleep_us
                0x000000001000214c       0x24 CMakeFiles/Graduation_Project.dir/home/uzygncr/pico/pico-sdk/src/common/pico_time/time.c.o
                0x000000001000214c                sleep_us
 .text.sleep_ms
                0x0000000010002170       0x34 CMakeFiles/Graduation_Project.dir/home/uzygncr/pico/pico-sdk/src/common/pico_time/time.c.o
                0x0000000010002170                sleep_ms
 .text.best_effort_wfe_or_timeout
                0x00000000100021a4       0xe0 CMakeFiles/Graduation_Project.dir/home/uzygncr/pico/pico-sdk/src/common/pico_time/time.c.o
                0x00000000100021a4                best_effort_wfe_or_timeout
 .text.alarm_pool_add_repeating_timer_us
                0x0000000010002284      0x120 CMakeFiles/Graduation_Project.dir/home/uzygncr/pico/pico-sdk/src/common/pico_time/time.c.o
                0x0000000010002284                alarm_pool_add_repeating_timer_us
 .text.alarm_pool_get_default_timer
                0x00000000100023a4        0x8 CMakeFiles/Graduation_Project.dir/home/uzygncr/pico/pico-sdk/src/common/pico_time/time.c.o
                0x00000000100023a4                alarm_pool_get_default_timer
 .text.timer_hardware_alarm_claim
                0x00000000100023ac       0x14 CMakeFiles/Graduation_Project.dir/home/uzygncr/pico/pico-sdk/src/rp2_common/hardware_timer/timer.c.o
                0x00000000100023ac                timer_hardware_alarm_claim
 .text.hardware_alarm_unclaim
                0x00000000100023c0       0x10 CMakeFiles/Graduation_Project.dir/home/uzygncr/pico/pico-sdk/src/rp2_common/hardware_timer/timer.c.o
                0x00000000100023c0                hardware_alarm_unclaim
 .text.timer_hardware_alarm_claim_unused
                0x00000000100023d0       0x20 CMakeFiles/Graduation_Project.dir/home/uzygncr/pico/pico-sdk/src/rp2_common/hardware_timer/timer.c.o
                0x00000000100023d0                timer_hardware_alarm_claim_unused
 .text.timer_time_us_64
                0x00000000100023f0       0x10 CMakeFiles/Graduation_Project.dir/home/uzygncr/pico/pico-sdk/src/rp2_common/hardware_timer/timer.c.o
                0x00000000100023f0                timer_time_us_64
 .text.time_us_64
                0x0000000010002400       0x14 CMakeFiles/Graduation_Project.dir/home/uzygncr/pico/pico-sdk/src/rp2_common/hardware_timer/timer.c.o
                0x0000000010002400                time_us_64
 .text.busy_wait_until
                0x0000000010002414       0x20 CMakeFiles/Graduation_Project.dir/home/uzygncr/pico/pico-sdk/src/rp2_common/hardware_timer/timer.c.o
                0x0000000010002414                busy_wait_until
 .text.runtime_init_per_core_irq_priorities
                0x0000000010002434       0x24 CMakeFiles/Graduation_Project.dir/home/uzygncr/pico/pico-sdk/src/rp2_common/hardware_irq/irq.c.o
                0x0000000010002434                runtime_init_per_core_irq_priorities
 .text.irq_set_enabled
                0x0000000010002458       0x24 CMakeFiles/Graduation_Project.dir/home/uzygncr/pico/pico-sdk/src/rp2_common/hardware_irq/irq.c.o
                0x0000000010002458                irq_set_enabled
 .text.irq_is_enabled
                0x000000001000247c       0x18 CMakeFiles/Graduation_Project.dir/home/uzygncr/pico/pico-sdk/src/rp2_common/hardware_irq/irq.c.o
                0x000000001000247c                irq_is_enabled
 .text.irq_set_pending
                0x0000000010002494       0x10 CMakeFiles/Graduation_Project.dir/home/uzygncr/pico/pico-sdk/src/rp2_common/hardware_irq/irq.c.o
                0x0000000010002494                irq_set_pending
 .text.irq_has_shared_handler
                0x00000000100024a4       0x2c CMakeFiles/Graduation_Project.dir/home/uzygncr/pico/pico-sdk/src/rp2_common/hardware_irq/irq.c.o
                0x00000000100024a4                irq_has_shared_handler
 .text.irq_set_exclusive_handler
                0x00000000100024d0       0x54 CMakeFiles/Graduation_Project.dir/home/uzygncr/pico/pico-sdk/src/rp2_common/hardware_irq/irq.c.o
                0x00000000100024d0                irq_set_exclusive_handler
 .text.irq_add_shared_handler
                0x0000000010002524      0x1e8 CMakeFiles/Graduation_Project.dir/home/uzygncr/pico/pico-sdk/src/rp2_common/hardware_irq/irq.c.o
                0x0000000010002524                irq_add_shared_handler
 .text.irq_remove_handler
                0x000000001000270c      0x1c4 CMakeFiles/Graduation_Project.dir/home/uzygncr/pico/pico-sdk/src/rp2_common/hardware_irq/irq.c.o
                0x000000001000270c                irq_remove_handler
 .text.irq_set_priority
                0x00000000100028d0       0x28 CMakeFiles/Graduation_Project.dir/home/uzygncr/pico/pico-sdk/src/rp2_common/hardware_irq/irq.c.o
                0x00000000100028d0                irq_set_priority
 .text.irq_add_tail_to_free_list
                0x00000000100028f8       0xb4 CMakeFiles/Graduation_Project.dir/home/uzygncr/pico/pico-sdk/src/rp2_common/hardware_irq/irq.c.o
                0x00000000100028f8                irq_add_tail_to_free_list
 .text.user_irq_unclaim
                0x00000000100029ac       0x14 CMakeFiles/Graduation_Project.dir/home/uzygncr/pico/pico-sdk/src/rp2_common/hardware_irq/irq.c.o
                0x00000000100029ac                user_irq_unclaim
 .text.user_irq_claim_unused
                0x00000000100029c0       0x28 CMakeFiles/Graduation_Project.dir/home/uzygncr/pico/pico-sdk/src/rp2_common/hardware_irq/irq.c.o
                0x00000000100029c0                user_irq_claim_unused
 .text.sem_init
                0x00000000100029e8       0x20 CMakeFiles/Graduation_Project.dir/home/uzygncr/pico/pico-sdk/src/common/pico_sync/sem.c.o
                0x00000000100029e8                sem_init
 .text.lock_init
                0x0000000010002a08       0x10 CMakeFiles/Graduation_Project.dir/home/uzygncr/pico/pico-sdk/src/common/pico_sync/lock_core.c.o
                0x0000000010002a08                lock_init
 .text.runtime_init_mutex
                0x0000000010002a18       0x58 CMakeFiles/Graduation_Project.dir/home/uzygncr/pico/pico-sdk/src/common/pico_sync/mutex.c.o
                0x0000000010002a18                runtime_init_mutex
 .text.mutex_init
                0x0000000010002a70       0x1c CMakeFiles/Graduation_Project.dir/home/uzygncr/pico/pico-sdk/src/common/pico_sync/mutex.c.o
                0x0000000010002a70                mutex_init
 .text.recursive_mutex_init
                0x0000000010002a8c       0x1c CMakeFiles/Graduation_Project.dir/home/uzygncr/pico/pico-sdk/src/common/pico_sync/mutex.c.o
                0x0000000010002a8c                recursive_mutex_init
 .text.critical_section_init
                0x0000000010002aa8       0x20 CMakeFiles/Graduation_Project.dir/home/uzygncr/pico/pico-sdk/src/common/pico_sync/critical_section.c.o
                0x0000000010002aa8                critical_section_init
 .text.critical_section_init_with_lock_num
                0x0000000010002ac8       0x14 CMakeFiles/Graduation_Project.dir/home/uzygncr/pico/pico-sdk/src/common/pico_sync/critical_section.c.o
                0x0000000010002ac8                critical_section_init_with_lock_num
 .text.clock_configure_int_divider
                0x0000000010002adc       0xf4 CMakeFiles/Graduation_Project.dir/home/uzygncr/pico/pico-sdk/src/rp2_common/hardware_clocks/clocks.c.o
                0x0000000010002adc                clock_configure_int_divider
 .text.clock_configure_undivided
                0x0000000010002bd0       0xe8 CMakeFiles/Graduation_Project.dir/home/uzygncr/pico/pico-sdk/src/rp2_common/hardware_clocks/clocks.c.o
                0x0000000010002bd0                clock_configure_undivided
 .text.clock_get_hz
                0x0000000010002cb8        0xc CMakeFiles/Graduation_Project.dir/home/uzygncr/pico/pico-sdk/src/rp2_common/hardware_clocks/clocks.c.o
                0x0000000010002cb8                clock_get_hz
 .text.gpio_default_irq_handler
                0x0000000010002cc4      0x270 CMakeFiles/Graduation_Project.dir/home/uzygncr/pico/pico-sdk/src/rp2_common/hardware_gpio/gpio.c.o
 .text.gpio_set_function
                0x0000000010002f34       0x34 CMakeFiles/Graduation_Project.dir/home/uzygncr/pico/pico-sdk/src/rp2_common/hardware_gpio/gpio.c.o
                0x0000000010002f34                gpio_set_function
 .text.gpio_set_pulls
                0x0000000010002f68       0x34 CMakeFiles/Graduation_Project.dir/home/uzygncr/pico/pico-sdk/src/rp2_common/hardware_gpio/gpio.c.o
                0x0000000010002f68                gpio_set_pulls
 .text.gpio_set_input_hysteresis_enabled
                0x0000000010002f9c       0x28 CMakeFiles/Graduation_Project.dir/home/uzygncr/pico/pico-sdk/src/rp2_common/hardware_gpio/gpio.c.o
                0x0000000010002f9c                gpio_set_input_hysteresis_enabled
 .text.gpio_set_irq_enabled
                0x0000000010002fc4       0x58 CMakeFiles/Graduation_Project.dir/home/uzygncr/pico/pico-sdk/src/rp2_common/hardware_gpio/gpio.c.o
                0x0000000010002fc4                gpio_set_irq_enabled
 .text.gpio_set_irq_enabled_with_callback
                0x000000001000301c       0xd0 CMakeFiles/Graduation_Project.dir/home/uzygncr/pico/pico-sdk/src/rp2_common/hardware_gpio/gpio.c.o
                0x000000001000301c                gpio_set_irq_enabled_with_callback
 .text.gpio_add_raw_irq_handler_with_order_priority_masked
                0x00000000100030ec       0x44 CMakeFiles/Graduation_Project.dir/home/uzygncr/pico/pico-sdk/src/rp2_common/hardware_gpio/gpio.c.o
                0x00000000100030ec                gpio_add_raw_irq_handler_with_order_priority_masked
 .text.gpio_remove_raw_irq_handler_masked
                0x0000000010003130       0x20 CMakeFiles/Graduation_Project.dir/home/uzygncr/pico/pico-sdk/src/rp2_common/hardware_gpio/gpio.c.o
                0x0000000010003130                gpio_remove_raw_irq_handler_masked
 .text.gpio_init
                0x0000000010003150       0x40 CMakeFiles/Graduation_Project.dir/home/uzygncr/pico/pico-sdk/src/rp2_common/hardware_gpio/gpio.c.o
                0x0000000010003150                gpio_init
 .text.pll_init
                0x0000000010003190       0xa0 CMakeFiles/Graduation_Project.dir/home/uzygncr/pico/pico-sdk/src/rp2_common/hardware_pll/pll.c.o
                0x0000000010003190                pll_init
 .text.watchdog_reboot
                0x0000000010003230       0x98 CMakeFiles/Graduation_Project.dir/home/uzygncr/pico/pico-sdk/src/rp2_common/hardware_watchdog/watchdog.c.o
                0x0000000010003230                watchdog_reboot
 .text.tick_start
                0x00000000100032c8       0x10 CMakeFiles/Graduation_Project.dir/home/uzygncr/pico/pico-sdk/src/rp2_common/hardware_ticks/ticks.c.o
                0x00000000100032c8                tick_start
 .text.xosc_init
                0x00000000100032d8       0x28 CMakeFiles/Graduation_Project.dir/home/uzygncr/pico/pico-sdk/src/rp2_common/hardware_xosc/xosc.c.o
                0x00000000100032d8                xosc_init
 .text.lwip_init
                0x0000000010003300       0x24 CMakeFiles/Graduation_Project.dir/home/uzygncr/pico/pico-sdk/lib/lwip/src/core/init.c.o
                0x0000000010003300                lwip_init
 .text.lwip_htons
                0x0000000010003324        0x8 CMakeFiles/Graduation_Project.dir/home/uzygncr/pico/pico-sdk/lib/lwip/src/core/def.c.o
                0x0000000010003324                lwip_htons
 .text.lwip_htonl
                0x000000001000332c        0x4 CMakeFiles/Graduation_Project.dir/home/uzygncr/pico/pico-sdk/lib/lwip/src/core/def.c.o
                0x000000001000332c                lwip_htonl
 .text.dns_call_found
                0x0000000010003330      0x134 CMakeFiles/Graduation_Project.dir/home/uzygncr/pico/pico-sdk/lib/lwip/src/core/dns.c.o
 .text.dns_send.isra.0
                0x0000000010003464      0x168 CMakeFiles/Graduation_Project.dir/home/uzygncr/pico/pico-sdk/lib/lwip/src/core/dns.c.o
 .text.dns_init
                0x00000000100035cc        0x4 CMakeFiles/Graduation_Project.dir/home/uzygncr/pico/pico-sdk/lib/lwip/src/core/dns.c.o
                0x00000000100035cc                dns_init
 .text.dns_setserver
                0x00000000100035d0       0x2c CMakeFiles/Graduation_Project.dir/home/uzygncr/pico/pico-sdk/lib/lwip/src/core/dns.c.o
                0x00000000100035d0                dns_setserver
 .text.dns_tmr  0x00000000100035fc      0x138 CMakeFiles/Graduation_Project.dir/home/uzygncr/pico/pico-sdk/lib/lwip/src/core/dns.c.o
                0x00000000100035fc                dns_tmr
 .text.lwip_standard_chksum
                0x0000000010003734       0xd8 CMakeFiles/Graduation_Project.dir/home/uzygncr/pico/pico-sdk/lib/lwip/src/core/inet_chksum.c.o
                0x0000000010003734                lwip_standard_chksum
 .text.inet_chksum_pseudo
                0x000000001000380c       0xb4 CMakeFiles/Graduation_Project.dir/home/uzygncr/pico/pico-sdk/lib/lwip/src/core/inet_chksum.c.o
                0x000000001000380c                inet_chksum_pseudo
 .text.ip_chksum_pseudo
                0x00000000100038c0       0x10 CMakeFiles/Graduation_Project.dir/home/uzygncr/pico/pico-sdk/lib/lwip/src/core/inet_chksum.c.o
                0x00000000100038c0                ip_chksum_pseudo
 .text.inet_chksum
                0x00000000100038d0        0xc CMakeFiles/Graduation_Project.dir/home/uzygncr/pico/pico-sdk/lib/lwip/src/core/inet_chksum.c.o
                0x00000000100038d0                inet_chksum
 .text.mem_init
                0x00000000100038dc       0x40 CMakeFiles/Graduation_Project.dir/home/uzygncr/pico/pico-sdk/lib/lwip/src/core/mem.c.o
                0x00000000100038dc                mem_init
 .text.mem_free
                0x000000001000391c      0x11c CMakeFiles/Graduation_Project.dir/home/uzygncr/pico/pico-sdk/lib/lwip/src/core/mem.c.o
                0x000000001000391c                mem_free
 .text.mem_trim
                0x0000000010003a38      0x110 CMakeFiles/Graduation_Project.dir/home/uzygncr/pico/pico-sdk/lib/lwip/src/core/mem.c.o
                0x0000000010003a38                mem_trim
 .text.mem_malloc
                0x0000000010003b48      0x120 CMakeFiles/Graduation_Project.dir/home/uzygncr/pico/pico-sdk/lib/lwip/src/core/mem.c.o
                0x0000000010003b48                mem_malloc
 .text.memp_init
                0x0000000010003c68       0x6c CMakeFiles/Graduation_Project.dir/home/uzygncr/pico/pico-sdk/lib/lwip/src/core/memp.c.o
                0x0000000010003c68                memp_init
 .text.memp_malloc
                0x0000000010003cd4       0x3c CMakeFiles/Graduation_Project.dir/home/uzygncr/pico/pico-sdk/lib/lwip/src/core/memp.c.o
                0x0000000010003cd4                memp_malloc
 .text.memp_free
                0x0000000010003d10       0x38 CMakeFiles/Graduation_Project.dir/home/uzygncr/pico/pico-sdk/lib/lwip/src/core/memp.c.o
                0x0000000010003d10                memp_free
 .text.netif_do_set_ipaddr.isra.0
                0x0000000010003d48       0x70 CMakeFiles/Graduation_Project.dir/home/uzygncr/pico/pico-sdk/lib/lwip/src/core/netif.c.o
 .text.netif_init
                0x0000000010003db8        0x4 CMakeFiles/Graduation_Project.dir/home/uzygncr/pico/pico-sdk/lib/lwip/src/core/netif.c.o
                0x0000000010003db8                netif_init
 .text.netif_set_addr
                0x0000000010003dbc       0xb8 CMakeFiles/Graduation_Project.dir/home/uzygncr/pico/pico-sdk/lib/lwip/src/core/netif.c.o
                0x0000000010003dbc                netif_set_addr
 .text.netif_remove
                0x0000000010003e74       0x94 CMakeFiles/Graduation_Project.dir/home/uzygncr/pico/pico-sdk/lib/lwip/src/core/netif.c.o
                0x0000000010003e74                netif_remove
 .text.netif_set_link_up
                0x0000000010003f08       0x44 CMakeFiles/Graduation_Project.dir/home/uzygncr/pico/pico-sdk/lib/lwip/src/core/netif.c.o
                0x0000000010003f08                netif_set_link_up
 .text.netif_set_link_down
                0x0000000010003f4c       0x20 CMakeFiles/Graduation_Project.dir/home/uzygncr/pico/pico-sdk/lib/lwip/src/core/netif.c.o
                0x0000000010003f4c                netif_set_link_down
 .text.netif_get_by_index
                0x0000000010003f6c       0x2c CMakeFiles/Graduation_Project.dir/home/uzygncr/pico/pico-sdk/lib/lwip/src/core/netif.c.o
                0x0000000010003f6c                netif_get_by_index
 .text.pbuf_free.part.0
                0x0000000010003f98       0x7c CMakeFiles/Graduation_Project.dir/home/uzygncr/pico/pico-sdk/lib/lwip/src/core/pbuf.c.o
 .text.pbuf_free_ooseq
                0x0000000010004014       0x34 CMakeFiles/Graduation_Project.dir/home/uzygncr/pico/pico-sdk/lib/lwip/src/core/pbuf.c.o
                0x0000000010004014                pbuf_free_ooseq
 .text.pbuf_alloc
                0x0000000010004048      0x130 CMakeFiles/Graduation_Project.dir/home/uzygncr/pico/pico-sdk/lib/lwip/src/core/pbuf.c.o
                0x0000000010004048                pbuf_alloc
 .text.pbuf_realloc
                0x0000000010004178       0x88 CMakeFiles/Graduation_Project.dir/home/uzygncr/pico/pico-sdk/lib/lwip/src/core/pbuf.c.o
                0x0000000010004178                pbuf_realloc
 .text.pbuf_add_header
                0x0000000010004200       0x54 CMakeFiles/Graduation_Project.dir/home/uzygncr/pico/pico-sdk/lib/lwip/src/core/pbuf.c.o
                0x0000000010004200                pbuf_add_header
 .text.pbuf_free
                0x0000000010004254       0x18 CMakeFiles/Graduation_Project.dir/home/uzygncr/pico/pico-sdk/lib/lwip/src/core/pbuf.c.o
                0x0000000010004254                pbuf_free
 .text.pbuf_clen
                0x000000001000426c       0x14 CMakeFiles/Graduation_Project.dir/home/uzygncr/pico/pico-sdk/lib/lwip/src/core/pbuf.c.o
                0x000000001000426c                pbuf_clen
 .text.pbuf_chain
                0x0000000010004280       0x64 CMakeFiles/Graduation_Project.dir/home/uzygncr/pico/pico-sdk/lib/lwip/src/core/pbuf.c.o
                0x0000000010004280                pbuf_chain
 .text.pbuf_copy_partial_pbuf
                0x00000000100042e4      0x13c CMakeFiles/Graduation_Project.dir/home/uzygncr/pico/pico-sdk/lib/lwip/src/core/pbuf.c.o
                0x00000000100042e4                pbuf_copy_partial_pbuf
 .text.pbuf_copy_partial
                0x0000000010004420       0x70 CMakeFiles/Graduation_Project.dir/home/uzygncr/pico/pico-sdk/lib/lwip/src/core/pbuf.c.o
                0x0000000010004420                pbuf_copy_partial
 .text.pbuf_take
                0x0000000010004490       0x78 CMakeFiles/Graduation_Project.dir/home/uzygncr/pico/pico-sdk/lib/lwip/src/core/pbuf.c.o
                0x0000000010004490                pbuf_take
 .text.pbuf_take_at
                0x0000000010004508       0xc0 CMakeFiles/Graduation_Project.dir/home/uzygncr/pico/pico-sdk/lib/lwip/src/core/pbuf.c.o
                0x0000000010004508                pbuf_take_at
 .text.pbuf_put_at
                0x00000000100045c8       0x1c CMakeFiles/Graduation_Project.dir/home/uzygncr/pico/pico-sdk/lib/lwip/src/core/pbuf.c.o
                0x00000000100045c8                pbuf_put_at
 .text.raw_netif_ip_addr_changed
                0x00000000100045e4       0x40 CMakeFiles/Graduation_Project.dir/home/uzygncr/pico/pico-sdk/lib/lwip/src/core/raw.c.o
                0x00000000100045e4                raw_netif_ip_addr_changed
 .text.stats_init
                0x0000000010004624        0x4 CMakeFiles/Graduation_Project.dir/home/uzygncr/pico/pico-sdk/lib/lwip/src/core/stats.c.o
                0x0000000010004624                stats_init
 .text.tcp_close_shutdown_fin
                0x0000000010004628       0x58 CMakeFiles/Graduation_Project.dir/home/uzygncr/pico/pico-sdk/lib/lwip/src/core/tcp.c.o
 .text.tcp_pcb_purge.part.0
                0x0000000010004680       0xc4 CMakeFiles/Graduation_Project.dir/home/uzygncr/pico/pico-sdk/lib/lwip/src/core/tcp.c.o
 .text.tcp_init
                0x0000000010004744       0x20 CMakeFiles/Graduation_Project.dir/home/uzygncr/pico/pico-sdk/lib/lwip/src/core/tcp.c.o
                0x0000000010004744                tcp_init
 .text.tcp_recved
                0x0000000010004764       0x98 CMakeFiles/Graduation_Project.dir/home/uzygncr/pico/pico-sdk/lib/lwip/src/core/tcp.c.o
                0x0000000010004764                tcp_recved
 .text.tcp_slowtmr
                0x00000000100047fc      0x4dc CMakeFiles/Graduation_Project.dir/home/uzygncr/pico/pico-sdk/lib/lwip/src/core/tcp.c.o
                0x00000000100047fc                tcp_slowtmr
 .text.tcp_seg_free
                0x0000000010004cd8       0x1c CMakeFiles/Graduation_Project.dir/home/uzygncr/pico/pico-sdk/lib/lwip/src/core/tcp.c.o
                0x0000000010004cd8                tcp_seg_free
 .text.tcp_pcb_remove
                0x0000000010004cf4       0xc8 CMakeFiles/Graduation_Project.dir/home/uzygncr/pico/pico-sdk/lib/lwip/src/core/tcp.c.o
                0x0000000010004cf4                tcp_pcb_remove
 .text.tcp_abandon
                0x0000000010004dbc      0x1ac CMakeFiles/Graduation_Project.dir/home/uzygncr/pico/pico-sdk/lib/lwip/src/core/tcp.c.o
                0x0000000010004dbc                tcp_abandon
 .text.tcp_process_refused_data
                0x0000000010004f68       0x78 CMakeFiles/Graduation_Project.dir/home/uzygncr/pico/pico-sdk/lib/lwip/src/core/tcp.c.o
                0x0000000010004f68                tcp_process_refused_data
 .text.tcp_fasttmr
                0x0000000010004fe0       0x98 CMakeFiles/Graduation_Project.dir/home/uzygncr/pico/pico-sdk/lib/lwip/src/core/tcp.c.o
                0x0000000010004fe0                tcp_fasttmr
 .text.tcp_tmr  0x0000000010005078       0x20 CMakeFiles/Graduation_Project.dir/home/uzygncr/pico/pico-sdk/lib/lwip/src/core/tcp.c.o
                0x0000000010005078                tcp_tmr
 .text.tcp_eff_send_mss_netif
                0x0000000010005098       0x38 CMakeFiles/Graduation_Project.dir/home/uzygncr/pico/pico-sdk/lib/lwip/src/core/tcp.c.o
                0x0000000010005098                tcp_eff_send_mss_netif
 .text.tcp_netif_ip_addr_changed
                0x00000000100050d0       0x9c CMakeFiles/Graduation_Project.dir/home/uzygncr/pico/pico-sdk/lib/lwip/src/core/tcp.c.o
                0x00000000100050d0                tcp_netif_ip_addr_changed
 .text.tcp_free_ooseq
                0x000000001000516c       0x40 CMakeFiles/Graduation_Project.dir/home/uzygncr/pico/pico-sdk/lib/lwip/src/core/tcp.c.o
                0x000000001000516c                tcp_free_ooseq
 .text.tcp_create_segment
                0x00000000100051ac       0xf8 CMakeFiles/Graduation_Project.dir/home/uzygncr/pico/pico-sdk/lib/lwip/src/core/tcp_out.c.o
 .text.tcp_output_control_segment
                0x00000000100052a4       0xc0 CMakeFiles/Graduation_Project.dir/home/uzygncr/pico/pico-sdk/lib/lwip/src/core/tcp_out.c.o
 .text.tcp_output_alloc_header.constprop.0
                0x0000000010005364       0xcc CMakeFiles/Graduation_Project.dir/home/uzygncr/pico/pico-sdk/lib/lwip/src/core/tcp_out.c.o
 .text.tcp_split_unsent_seg
                0x0000000010005430      0x1c4 CMakeFiles/Graduation_Project.dir/home/uzygncr/pico/pico-sdk/lib/lwip/src/core/tcp_out.c.o
                0x0000000010005430                tcp_split_unsent_seg
 .text.tcp_send_fin
                0x00000000100055f4      0x12c CMakeFiles/Graduation_Project.dir/home/uzygncr/pico/pico-sdk/lib/lwip/src/core/tcp_out.c.o
                0x00000000100055f4                tcp_send_fin
 .text.tcp_rexmit_rto_prepare
                0x0000000010005720       0x9c CMakeFiles/Graduation_Project.dir/home/uzygncr/pico/pico-sdk/lib/lwip/src/core/tcp_out.c.o
                0x0000000010005720                tcp_rexmit_rto_prepare
 .text.tcp_rst  0x00000000100057bc       0xe8 CMakeFiles/Graduation_Project.dir/home/uzygncr/pico/pico-sdk/lib/lwip/src/core/tcp_out.c.o
                0x00000000100057bc                tcp_rst
 .text.tcp_send_empty_ack
                0x00000000100058a4       0x54 CMakeFiles/Graduation_Project.dir/home/uzygncr/pico/pico-sdk/lib/lwip/src/core/tcp_out.c.o
                0x00000000100058a4                tcp_send_empty_ack
 .text.tcp_output
                0x00000000100058f8      0x46c CMakeFiles/Graduation_Project.dir/home/uzygncr/pico/pico-sdk/lib/lwip/src/core/tcp_out.c.o
                0x00000000100058f8                tcp_output
 .text.tcp_rexmit_rto_commit
                0x0000000010005d64       0x24 CMakeFiles/Graduation_Project.dir/home/uzygncr/pico/pico-sdk/lib/lwip/src/core/tcp_out.c.o
                0x0000000010005d64                tcp_rexmit_rto_commit
 .text.tcp_keepalive
                0x0000000010005d88       0xe0 CMakeFiles/Graduation_Project.dir/home/uzygncr/pico/pico-sdk/lib/lwip/src/core/tcp_out.c.o
                0x0000000010005d88                tcp_keepalive
 .text.tcp_zero_window_probe
                0x0000000010005e68      0x108 CMakeFiles/Graduation_Project.dir/home/uzygncr/pico/pico-sdk/lib/lwip/src/core/tcp_out.c.o
                0x0000000010005e68                tcp_zero_window_probe
 .text.sys_timeout_abs
                0x0000000010005f70       0x48 CMakeFiles/Graduation_Project.dir/home/uzygncr/pico/pico-sdk/lib/lwip/src/core/timeouts.c.o
 .text.lwip_cyclic_timer
                0x0000000010005fb8       0x38 CMakeFiles/Graduation_Project.dir/home/uzygncr/pico/pico-sdk/lib/lwip/src/core/timeouts.c.o
 .text.sys_timeouts_init
                0x0000000010005ff0       0x90 CMakeFiles/Graduation_Project.dir/home/uzygncr/pico/pico-sdk/lib/lwip/src/core/timeouts.c.o
                0x0000000010005ff0                sys_timeouts_init
 .text.sys_check_timeouts
                0x0000000010006080       0x68 CMakeFiles/Graduation_Project.dir/home/uzygncr/pico/pico-sdk/lib/lwip/src/core/timeouts.c.o
                0x0000000010006080                sys_check_timeouts
 .text.sys_timeouts_sleeptime
                0x00000000100060e8       0x28 CMakeFiles/Graduation_Project.dir/home/uzygncr/pico/pico-sdk/lib/lwip/src/core/timeouts.c.o
                0x00000000100060e8                sys_timeouts_sleeptime
 .text.udp_init
                0x0000000010006110       0x20 CMakeFiles/Graduation_Project.dir/home/uzygncr/pico/pico-sdk/lib/lwip/src/core/udp.c.o
                0x0000000010006110                udp_init
 .text.udp_bind
                0x0000000010006130      0x10c CMakeFiles/Graduation_Project.dir/home/uzygncr/pico/pico-sdk/lib/lwip/src/core/udp.c.o
                0x0000000010006130                udp_bind
 .text.udp_sendto_if_src
                0x000000001000623c      0x130 CMakeFiles/Graduation_Project.dir/home/uzygncr/pico/pico-sdk/lib/lwip/src/core/udp.c.o
                0x000000001000623c                udp_sendto_if_src
 .text.udp_sendto_if
                0x000000001000636c       0x48 CMakeFiles/Graduation_Project.dir/home/uzygncr/pico/pico-sdk/lib/lwip/src/core/udp.c.o
                0x000000001000636c                udp_sendto_if
 .text.udp_sendto
                0x00000000100063b4       0x7c CMakeFiles/Graduation_Project.dir/home/uzygncr/pico/pico-sdk/lib/lwip/src/core/udp.c.o
                0x00000000100063b4                udp_sendto
 .text.udp_connect
                0x0000000010006430       0x64 CMakeFiles/Graduation_Project.dir/home/uzygncr/pico/pico-sdk/lib/lwip/src/core/udp.c.o
                0x0000000010006430                udp_connect
 .text.udp_recv
                0x0000000010006494        0xc CMakeFiles/Graduation_Project.dir/home/uzygncr/pico/pico-sdk/lib/lwip/src/core/udp.c.o
                0x0000000010006494                udp_recv
 .text.udp_remove
                0x00000000100064a0       0x3c CMakeFiles/Graduation_Project.dir/home/uzygncr/pico/pico-sdk/lib/lwip/src/core/udp.c.o
                0x00000000100064a0                udp_remove
 .text.udp_new  0x00000000100064dc       0x1c CMakeFiles/Graduation_Project.dir/home/uzygncr/pico/pico-sdk/lib/lwip/src/core/udp.c.o
                0x00000000100064dc                udp_new
 .text.udp_netif_ip_addr_changed
                0x00000000100064f8       0x40 CMakeFiles/Graduation_Project.dir/home/uzygncr/pico/pico-sdk/lib/lwip/src/core/udp.c.o
                0x00000000100064f8                udp_netif_ip_addr_changed
 .text.dhcp_create_msg
                0x0000000010006538      0x16c CMakeFiles/Graduation_Project.dir/home/uzygncr/pico/pico-sdk/lib/lwip/src/core/ipv4/dhcp.c.o
 .text.dhcp_inc_pcb_refcount
                0x00000000100066a4       0x6c CMakeFiles/Graduation_Project.dir/home/uzygncr/pico/pico-sdk/lib/lwip/src/core/ipv4/dhcp.c.o
 .text.dhcp_bind
                0x0000000010006710      0x11c CMakeFiles/Graduation_Project.dir/home/uzygncr/pico/pico-sdk/lib/lwip/src/core/ipv4/dhcp.c.o
 .text.dhcp_option_hostname.isra.0
                0x000000001000682c       0x8c CMakeFiles/Graduation_Project.dir/home/uzygncr/pico/pico-sdk/lib/lwip/src/core/ipv4/dhcp.c.o
 .text.dhcp_handle_ack.isra.0
                0x00000000100068b8       0xcc CMakeFiles/Graduation_Project.dir/home/uzygncr/pico/pico-sdk/lib/lwip/src/core/ipv4/dhcp.c.o
 .text.dhcp_reboot.isra.0
                0x0000000010006984      0x1e4 CMakeFiles/Graduation_Project.dir/home/uzygncr/pico/pico-sdk/lib/lwip/src/core/ipv4/dhcp.c.o
 .text.dhcp_discover
                0x0000000010006b68      0x198 CMakeFiles/Graduation_Project.dir/home/uzygncr/pico/pico-sdk/lib/lwip/src/core/ipv4/dhcp.c.o
 .text.dhcp_select.isra.0
                0x0000000010006d00      0x268 CMakeFiles/Graduation_Project.dir/home/uzygncr/pico/pico-sdk/lib/lwip/src/core/ipv4/dhcp.c.o
 .text.dhcp_recv
                0x0000000010006f68      0x494 CMakeFiles/Graduation_Project.dir/home/uzygncr/pico/pico-sdk/lib/lwip/src/core/ipv4/dhcp.c.o
 .text.dhcp_network_changed_link_up
                0x00000000100073fc       0x40 CMakeFiles/Graduation_Project.dir/home/uzygncr/pico/pico-sdk/lib/lwip/src/core/ipv4/dhcp.c.o
                0x00000000100073fc                dhcp_network_changed_link_up
 .text.dhcp_renew
                0x000000001000743c      0x1b8 CMakeFiles/Graduation_Project.dir/home/uzygncr/pico/pico-sdk/lib/lwip/src/core/ipv4/dhcp.c.o
                0x000000001000743c                dhcp_renew
 .text.dhcp_release_and_stop
                0x00000000100075f4      0x180 CMakeFiles/Graduation_Project.dir/home/uzygncr/pico/pico-sdk/lib/lwip/src/core/ipv4/dhcp.c.o
                0x00000000100075f4                dhcp_release_and_stop
 .text.dhcp_start
                0x0000000010007774       0xb0 CMakeFiles/Graduation_Project.dir/home/uzygncr/pico/pico-sdk/lib/lwip/src/core/ipv4/dhcp.c.o
                0x0000000010007774                dhcp_start
 .text.dhcp_coarse_tmr
                0x0000000010007824      0x238 CMakeFiles/Graduation_Project.dir/home/uzygncr/pico/pico-sdk/lib/lwip/src/core/ipv4/dhcp.c.o
                0x0000000010007824                dhcp_coarse_tmr
 .text.dhcp_fine_tmr
                0x0000000010007a5c       0x78 CMakeFiles/Graduation_Project.dir/home/uzygncr/pico/pico-sdk/lib/lwip/src/core/ipv4/dhcp.c.o
                0x0000000010007a5c                dhcp_fine_tmr
 .text.dhcp_stop
                0x0000000010007ad4      0x180 CMakeFiles/Graduation_Project.dir/home/uzygncr/pico/pico-sdk/lib/lwip/src/core/ipv4/dhcp.c.o
                0x0000000010007ad4                dhcp_stop
 .text.etharp_raw
                0x0000000010007c54       0xec CMakeFiles/Graduation_Project.dir/home/uzygncr/pico/pico-sdk/lib/lwip/src/core/ipv4/etharp.c.o
 .text.etharp_tmr
                0x0000000010007d40       0x94 CMakeFiles/Graduation_Project.dir/home/uzygncr/pico/pico-sdk/lib/lwip/src/core/ipv4/etharp.c.o
                0x0000000010007d40                etharp_tmr
 .text.etharp_cleanup_netif
                0x0000000010007dd4      0x188 CMakeFiles/Graduation_Project.dir/home/uzygncr/pico/pico-sdk/lib/lwip/src/core/ipv4/etharp.c.o
                0x0000000010007dd4                etharp_cleanup_netif
 .text.etharp_request
                0x0000000010007f5c       0x2c CMakeFiles/Graduation_Project.dir/home/uzygncr/pico/pico-sdk/lib/lwip/src/core/ipv4/etharp.c.o
                0x0000000010007f5c                etharp_request
 .text.icmp_time_exceeded
                0x0000000010007f88       0xd0 CMakeFiles/Graduation_Project.dir/home/uzygncr/pico/pico-sdk/lib/lwip/src/core/ipv4/icmp.c.o
                0x0000000010007f88                icmp_time_exceeded
 .text.ip_reass_free_complete_datagram
                0x0000000010008058      0x114 CMakeFiles/Graduation_Project.dir/home/uzygncr/pico/pico-sdk/lib/lwip/src/core/ipv4/ip4_frag.c.o
 .text.ip_reass_tmr
                0x000000001000816c       0x38 CMakeFiles/Graduation_Project.dir/home/uzygncr/pico/pico-sdk/lib/lwip/src/core/ipv4/ip4_frag.c.o
                0x000000001000816c                ip_reass_tmr
 .text.ip4_frag
                0x00000000100081a4      0x17c CMakeFiles/Graduation_Project.dir/home/uzygncr/pico/pico-sdk/lib/lwip/src/core/ipv4/ip4_frag.c.o
                0x00000000100081a4                ip4_frag
 .text.ip4_route
                0x0000000010008320       0x7c CMakeFiles/Graduation_Project.dir/home/uzygncr/pico/pico-sdk/lib/lwip/src/core/ipv4/ip4.c.o
                0x0000000010008320                ip4_route
 .text.ip4_output_if
                0x000000001000839c      0x190 CMakeFiles/Graduation_Project.dir/home/uzygncr/pico/pico-sdk/lib/lwip/src/core/ipv4/ip4.c.o
                0x000000001000839c                ip4_output_if
 .text.ip4_output_if_src
                0x000000001000852c      0x17c CMakeFiles/Graduation_Project.dir/home/uzygncr/pico/pico-sdk/lib/lwip/src/core/ipv4/ip4.c.o
                0x000000001000852c                ip4_output_if_src
 .text.ethernet_output
                0x00000000100086a8       0x6c CMakeFiles/Graduation_Project.dir/home/uzygncr/pico/pico-sdk/lib/lwip/src/netif/ethernet.c.o
                0x00000000100086a8                ethernet_output
 .text.cyw43_arch_set_async_context
                0x0000000010008714        0xc CMakeFiles/Graduation_Project.dir/home/uzygncr/pico/pico-sdk/src/rp2_common/pico_cyw43_arch/cyw43_arch.c.o
                0x0000000010008714                cyw43_arch_set_async_context
 .text.cyw43_arch_gpio_put
                0x0000000010008720       0x14 CMakeFiles/Graduation_Project.dir/home/uzygncr/pico/pico-sdk/src/rp2_common/pico_cyw43_arch/cyw43_arch.c.o
                0x0000000010008720                cyw43_arch_gpio_put
 .text.cyw43_arch_async_context
                0x0000000010008734        0xc CMakeFiles/Graduation_Project.dir/home/uzygncr/pico/pico-sdk/src/rp2_common/pico_cyw43_arch/cyw43_arch.c.o
                0x0000000010008734                cyw43_arch_async_context
 .text.cyw43_arch_init
                0x0000000010008740       0x80 CMakeFiles/Graduation_Project.dir/home/uzygncr/pico/pico-sdk/src/rp2_common/pico_cyw43_arch/cyw43_arch_threadsafe_background.c.o
                0x0000000010008740                cyw43_arch_init
 .text.ns_delay.constprop.0
                0x00000000100087c0       0x20 CMakeFiles/Graduation_Project.dir/home/uzygncr/pico/pico-sdk/src/rp2_common/pico_cyw43_driver/cyw43_bus_pio_spi.c.o
 .text.cyw43_spi_deinit
                0x00000000100087e0       0x6c CMakeFiles/Graduation_Project.dir/home/uzygncr/pico/pico-sdk/src/rp2_common/pico_cyw43_driver/cyw43_bus_pio_spi.c.o
                0x00000000100087e0                cyw43_spi_deinit
 .text.cyw43_spi_init
                0x000000001000884c      0x12c CMakeFiles/Graduation_Project.dir/home/uzygncr/pico/pico-sdk/src/rp2_common/pico_cyw43_driver/cyw43_bus_pio_spi.c.o
                0x000000001000884c                cyw43_spi_init
 .text.cyw43_spi_transfer
                0x0000000010008978      0x3f8 CMakeFiles/Graduation_Project.dir/home/uzygncr/pico/pico-sdk/src/rp2_common/pico_cyw43_driver/cyw43_bus_pio_spi.c.o
                0x0000000010008978                cyw43_spi_transfer
 .text.cyw43_spi_gpio_setup
                0x0000000010008d70       0x3c CMakeFiles/Graduation_Project.dir/home/uzygncr/pico/pico-sdk/src/rp2_common/pico_cyw43_driver/cyw43_bus_pio_spi.c.o
                0x0000000010008d70                cyw43_spi_gpio_setup
 .text.cyw43_spi_reset
                0x0000000010008dac       0x28 CMakeFiles/Graduation_Project.dir/home/uzygncr/pico/pico-sdk/src/rp2_common/pico_cyw43_driver/cyw43_bus_pio_spi.c.o
                0x0000000010008dac                cyw43_spi_reset
 .text.read_reg_u32_swap
                0x0000000010008dd4       0x3c CMakeFiles/Graduation_Project.dir/home/uzygncr/pico/pico-sdk/src/rp2_common/pico_cyw43_driver/cyw43_bus_pio_spi.c.o
                0x0000000010008dd4                read_reg_u32_swap
 .text.cyw43_read_reg_u32
                0x0000000010008e10       0x6c CMakeFiles/Graduation_Project.dir/home/uzygncr/pico/pico-sdk/src/rp2_common/pico_cyw43_driver/cyw43_bus_pio_spi.c.o
                0x0000000010008e10                cyw43_read_reg_u32
 .text.cyw43_read_reg_u16
                0x0000000010008e7c       0x6c CMakeFiles/Graduation_Project.dir/home/uzygncr/pico/pico-sdk/src/rp2_common/pico_cyw43_driver/cyw43_bus_pio_spi.c.o
                0x0000000010008e7c                cyw43_read_reg_u16
 .text.cyw43_read_reg_u8
                0x0000000010008ee8       0x6c CMakeFiles/Graduation_Project.dir/home/uzygncr/pico/pico-sdk/src/rp2_common/pico_cyw43_driver/cyw43_bus_pio_spi.c.o
                0x0000000010008ee8                cyw43_read_reg_u8
 .text.write_reg_u32_swap
                0x0000000010008f54      0x1f0 CMakeFiles/Graduation_Project.dir/home/uzygncr/pico/pico-sdk/src/rp2_common/pico_cyw43_driver/cyw43_bus_pio_spi.c.o
                0x0000000010008f54                write_reg_u32_swap
 .text.cyw43_write_reg_u32
                0x0000000010009144      0x210 CMakeFiles/Graduation_Project.dir/home/uzygncr/pico/pico-sdk/src/rp2_common/pico_cyw43_driver/cyw43_bus_pio_spi.c.o
                0x0000000010009144                cyw43_write_reg_u32
 .text.cyw43_write_reg_u16
                0x0000000010009354      0x210 CMakeFiles/Graduation_Project.dir/home/uzygncr/pico/pico-sdk/src/rp2_common/pico_cyw43_driver/cyw43_bus_pio_spi.c.o
                0x0000000010009354                cyw43_write_reg_u16
 .text.cyw43_write_reg_u8
                0x0000000010009564      0x210 CMakeFiles/Graduation_Project.dir/home/uzygncr/pico/pico-sdk/src/rp2_common/pico_cyw43_driver/cyw43_bus_pio_spi.c.o
                0x0000000010009564                cyw43_write_reg_u8
 .text.cyw43_read_bytes
                0x0000000010009774       0x78 CMakeFiles/Graduation_Project.dir/home/uzygncr/pico/pico-sdk/src/rp2_common/pico_cyw43_driver/cyw43_bus_pio_spi.c.o
                0x0000000010009774                cyw43_read_bytes
 .text.cyw43_write_bytes
                0x00000000100097ec       0xec CMakeFiles/Graduation_Project.dir/home/uzygncr/pico/pico-sdk/src/rp2_common/pico_cyw43_driver/cyw43_bus_pio_spi.c.o
                0x00000000100097ec                cyw43_write_bytes
 .text.cyw43_set_backplane_window
                0x00000000100098d8       0x64 CMakeFiles/Graduation_Project.dir/home/uzygncr/pico/pico-sdk/lib/cyw43-driver/src/cyw43_ll.c.o
 .text.cyw43_ll_parse_async_event
                0x000000001000993c      0x13c CMakeFiles/Graduation_Project.dir/home/uzygncr/pico/pico-sdk/lib/cyw43-driver/src/cyw43_ll.c.o
 .text.cyw43_kso_set
                0x0000000010009a78       0xa0 CMakeFiles/Graduation_Project.dir/home/uzygncr/pico/pico-sdk/lib/cyw43-driver/src/cyw43_ll.c.o
 .text.cyw43_ll_sdpcm_poll_device
                0x0000000010009b18      0x238 CMakeFiles/Graduation_Project.dir/home/uzygncr/pico/pico-sdk/lib/cyw43-driver/src/cyw43_ll.c.o
 .text.cyw43_sdpcm_send_common
                0x0000000010009d50       0xf8 CMakeFiles/Graduation_Project.dir/home/uzygncr/pico/pico-sdk/lib/cyw43-driver/src/cyw43_ll.c.o
 .text.cyw43_do_ioctl.part.0
                0x0000000010009e48       0xc4 CMakeFiles/Graduation_Project.dir/home/uzygncr/pico/pico-sdk/lib/cyw43-driver/src/cyw43_ll.c.o
 .text.cyw43_download_resource
                0x0000000010009f0c       0xd0 CMakeFiles/Graduation_Project.dir/home/uzygncr/pico/pico-sdk/lib/cyw43-driver/src/cyw43_ll.c.o
 .text.cyw43_write_iovar_n
                0x0000000010009fdc       0x8c CMakeFiles/Graduation_Project.dir/home/uzygncr/pico/pico-sdk/lib/cyw43-driver/src/cyw43_ll.c.o
 .text.cyw43_write_iovar_u32
                0x000000001000a068       0xa4 CMakeFiles/Graduation_Project.dir/home/uzygncr/pico/pico-sdk/lib/cyw43-driver/src/cyw43_ll.c.o
 .text.cyw43_read_backplane.constprop.0
                0x000000001000a10c       0xdc CMakeFiles/Graduation_Project.dir/home/uzygncr/pico/pico-sdk/lib/cyw43-driver/src/cyw43_ll.c.o
 .text.cyw43_write_backplane
                0x000000001000a1e8      0x104 CMakeFiles/Graduation_Project.dir/home/uzygncr/pico/pico-sdk/lib/cyw43-driver/src/cyw43_ll.c.o
 .text.reset_device_core.constprop.0
                0x000000001000a2ec      0x3f0 CMakeFiles/Graduation_Project.dir/home/uzygncr/pico/pico-sdk/lib/cyw43-driver/src/cyw43_ll.c.o
 .text.cyw43_ll_init
                0x000000001000a6dc       0x1c CMakeFiles/Graduation_Project.dir/home/uzygncr/pico/pico-sdk/lib/cyw43-driver/src/cyw43_ll.c.o
                0x000000001000a6dc                cyw43_ll_init
 .text.cyw43_ll_deinit
                0x000000001000a6f8        0x8 CMakeFiles/Graduation_Project.dir/home/uzygncr/pico/pico-sdk/lib/cyw43-driver/src/cyw43_ll.c.o
                0x000000001000a6f8                cyw43_ll_deinit
 .text.cyw43_ll_process_packets
                0x000000001000a700       0x54 CMakeFiles/Graduation_Project.dir/home/uzygncr/pico/pico-sdk/lib/cyw43-driver/src/cyw43_ll.c.o
                0x000000001000a700                cyw43_ll_process_packets
 .text.cyw43_ll_ioctl
                0x000000001000a754       0x80 CMakeFiles/Graduation_Project.dir/home/uzygncr/pico/pico-sdk/lib/cyw43-driver/src/cyw43_ll.c.o
                0x000000001000a754                cyw43_ll_ioctl
 .text.cyw43_ll_bus_sleep
                0x000000001000a7d4       0x34 CMakeFiles/Graduation_Project.dir/home/uzygncr/pico/pico-sdk/lib/cyw43-driver/src/cyw43_ll.c.o
                0x000000001000a7d4                cyw43_ll_bus_sleep
 .text.cyw43_ll_wifi_get_mac
                0x000000001000a808       0x74 CMakeFiles/Graduation_Project.dir/home/uzygncr/pico/pico-sdk/lib/cyw43-driver/src/cyw43_ll.c.o
                0x000000001000a808                cyw43_ll_wifi_get_mac
 .text.cyw43_ll_bus_init
                0x000000001000a87c      0x90c CMakeFiles/Graduation_Project.dir/home/uzygncr/pico/pico-sdk/lib/cyw43-driver/src/cyw43_ll.c.o
                0x000000001000a87c                cyw43_ll_bus_init
 .text.cyw43_ll_wifi_set_wpa_auth
                0x000000001000b188       0x4c CMakeFiles/Graduation_Project.dir/home/uzygncr/pico/pico-sdk/lib/cyw43-driver/src/cyw43_ll.c.o
                0x000000001000b188                cyw43_ll_wifi_set_wpa_auth
 .text.cyw43_ll_wifi_rejoin
                0x000000001000b1d4       0x58 CMakeFiles/Graduation_Project.dir/home/uzygncr/pico/pico-sdk/lib/cyw43-driver/src/cyw43_ll.c.o
                0x000000001000b1d4                cyw43_ll_wifi_rejoin
 .text.cyw43_ll_gpio_set
                0x000000001000b22c       0x9c CMakeFiles/Graduation_Project.dir/home/uzygncr/pico/pico-sdk/lib/cyw43-driver/src/cyw43_ll.c.o
                0x000000001000b22c                cyw43_ll_gpio_set
 .text.cyw43_ll_has_work
                0x000000001000b2c8       0x14 CMakeFiles/Graduation_Project.dir/home/uzygncr/pico/pico-sdk/lib/cyw43-driver/src/cyw43_ll.c.o
                0x000000001000b2c8                cyw43_ll_has_work
 .text.cyw43_cb_tcpip_deinit
                0x000000001000b2dc       0x4c CMakeFiles/Graduation_Project.dir/home/uzygncr/pico/pico-sdk/lib/cyw43-driver/src/cyw43_lwip.c.o
                0x000000001000b2dc                cyw43_cb_tcpip_deinit
 .text.cyw43_cb_process_ethernet
                0x000000001000b328       0x68 CMakeFiles/Graduation_Project.dir/home/uzygncr/pico/pico-sdk/lib/cyw43-driver/src/cyw43_lwip.c.o
                0x000000001000b328                cyw43_cb_process_ethernet
 .text.cyw43_cb_tcpip_set_link_up
                0x000000001000b390       0x18 CMakeFiles/Graduation_Project.dir/home/uzygncr/pico/pico-sdk/lib/cyw43-driver/src/cyw43_lwip.c.o
                0x000000001000b390                cyw43_cb_tcpip_set_link_up
 .text.cyw43_cb_tcpip_set_link_down
                0x000000001000b3a8       0x18 CMakeFiles/Graduation_Project.dir/home/uzygncr/pico/pico-sdk/lib/cyw43-driver/src/cyw43_lwip.c.o
                0x000000001000b3a8                cyw43_cb_tcpip_set_link_down
 .text.cyw43_poll_func
                0x000000001000b3c0       0xc0 CMakeFiles/Graduation_Project.dir/home/uzygncr/pico/pico-sdk/lib/cyw43-driver/src/cyw43_ctrl.c.o
 .text.cyw43_init
                0x000000001000b480       0x6c CMakeFiles/Graduation_Project.dir/home/uzygncr/pico/pico-sdk/lib/cyw43-driver/src/cyw43_ctrl.c.o
                0x000000001000b480                cyw43_init
 .text.cyw43_deinit
                0x000000001000b4ec       0x90 CMakeFiles/Graduation_Project.dir/home/uzygncr/pico/pico-sdk/lib/cyw43-driver/src/cyw43_ctrl.c.o
                0x000000001000b4ec                cyw43_deinit
 .text.cyw43_cb_read_host_interrupt_pin
                0x000000001000b57c        0xc CMakeFiles/Graduation_Project.dir/home/uzygncr/pico/pico-sdk/lib/cyw43-driver/src/cyw43_ctrl.c.o
                0x000000001000b57c                cyw43_cb_read_host_interrupt_pin
 .text.cyw43_cb_ensure_awake
                0x000000001000b588        0xc CMakeFiles/Graduation_Project.dir/home/uzygncr/pico/pico-sdk/lib/cyw43-driver/src/cyw43_ctrl.c.o
                0x000000001000b588                cyw43_cb_ensure_awake
 .text.cyw43_cb_process_async_event
                0x000000001000b594      0x228 CMakeFiles/Graduation_Project.dir/home/uzygncr/pico/pico-sdk/lib/cyw43-driver/src/cyw43_ctrl.c.o
                0x000000001000b594                cyw43_cb_process_async_event
 .text.cyw43_gpio_set
                0x000000001000b7bc       0xa0 CMakeFiles/Graduation_Project.dir/home/uzygncr/pico/pico-sdk/lib/cyw43-driver/src/cyw43_ctrl.c.o
                0x000000001000b7bc                cyw43_gpio_set
 .text.pio_sm_set_pindirs_with_mask64
                0x000000001000b85c       0xa4 CMakeFiles/Graduation_Project.dir/home/uzygncr/pico/pico-sdk/src/rp2_common/hardware_pio/pio.c.o
                0x000000001000b85c                pio_sm_set_pindirs_with_mask64
 .text.pio_sm_set_consecutive_pindirs
                0x000000001000b900       0xbc CMakeFiles/Graduation_Project.dir/home/uzygncr/pico/pico-sdk/src/rp2_common/hardware_pio/pio.c.o
                0x000000001000b900                pio_sm_set_consecutive_pindirs
 .text.pio_claim_free_sm_and_add_program_for_gpio_range
                0x000000001000b9bc      0x190 CMakeFiles/Graduation_Project.dir/home/uzygncr/pico/pico-sdk/src/rp2_common/hardware_pio/pio.c.o
                0x000000001000b9bc                pio_claim_free_sm_and_add_program_for_gpio_range
 .text.pio_remove_program_and_unclaim_sm
                0x000000001000bb4c       0x40 CMakeFiles/Graduation_Project.dir/home/uzygncr/pico/pico-sdk/src/rp2_common/hardware_pio/pio.c.o
                0x000000001000bb4c                pio_remove_program_and_unclaim_sm
 .text.dma_channel_unclaim
                0x000000001000bb8c       0x10 CMakeFiles/Graduation_Project.dir/home/uzygncr/pico/pico-sdk/src/rp2_common/hardware_dma/dma.c.o
                0x000000001000bb8c                dma_channel_unclaim
 .text.dma_claim_unused_channel
                0x000000001000bb9c       0x20 CMakeFiles/Graduation_Project.dir/home/uzygncr/pico/pico-sdk/src/rp2_common/hardware_dma/dma.c.o
                0x000000001000bb9c                dma_claim_unused_channel
 .text.dma_channel_cleanup
                0x000000001000bbbc       0x64 CMakeFiles/Graduation_Project.dir/home/uzygncr/pico/pico-sdk/src/rp2_common/hardware_dma/dma.c.o
                0x000000001000bbbc                dma_channel_cleanup
 .text.cyw43_sleep_timeout_reached
                0x000000001000bc20       0x10 CMakeFiles/Graduation_Project.dir/home/uzygncr/pico/pico-sdk/src/rp2_common/pico_cyw43_driver/cyw43_driver.c.o
 .text.cyw43_irq_init
                0x000000001000bc30       0x28 CMakeFiles/Graduation_Project.dir/home/uzygncr/pico/pico-sdk/src/rp2_common/pico_cyw43_driver/cyw43_driver.c.o
                0x000000001000bc30                cyw43_irq_init
 .text.cyw43_irq_deinit
                0x000000001000bc58       0x20 CMakeFiles/Graduation_Project.dir/home/uzygncr/pico/pico-sdk/src/rp2_common/pico_cyw43_driver/cyw43_driver.c.o
                0x000000001000bc58                cyw43_irq_deinit
 .text.cyw43_gpio_irq_handler
                0x000000001000bc78       0x44 CMakeFiles/Graduation_Project.dir/home/uzygncr/pico/pico-sdk/src/rp2_common/pico_cyw43_driver/cyw43_driver.c.o
 .text.cyw43_do_poll
                0x000000001000bcbc       0x6c CMakeFiles/Graduation_Project.dir/home/uzygncr/pico/pico-sdk/src/rp2_common/pico_cyw43_driver/cyw43_driver.c.o
 .text.cyw43_post_poll_hook
                0x000000001000bd28       0x10 CMakeFiles/Graduation_Project.dir/home/uzygncr/pico/pico-sdk/src/rp2_common/pico_cyw43_driver/cyw43_driver.c.o
                0x000000001000bd28                cyw43_post_poll_hook
 .text.cyw43_schedule_internal_poll_dispatch
                0x000000001000bd38       0x18 CMakeFiles/Graduation_Project.dir/home/uzygncr/pico/pico-sdk/src/rp2_common/pico_cyw43_driver/cyw43_driver.c.o
                0x000000001000bd38                cyw43_schedule_internal_poll_dispatch
 .text.cyw43_driver_init
                0x000000001000bd50       0x38 CMakeFiles/Graduation_Project.dir/home/uzygncr/pico/pico-sdk/src/rp2_common/pico_cyw43_driver/cyw43_driver.c.o
                0x000000001000bd50                cyw43_driver_init
 .text.cyw43_driver_deinit
                0x000000001000bd88       0x44 CMakeFiles/Graduation_Project.dir/home/uzygncr/pico/pico-sdk/src/rp2_common/pico_cyw43_driver/cyw43_driver.c.o
                0x000000001000bd88                cyw43_driver_deinit
 .text.cyw43_hal_generate_laa_mac
                0x000000001000bdcc       0x28 CMakeFiles/Graduation_Project.dir/home/uzygncr/pico/pico-sdk/src/rp2_common/pico_cyw43_driver/cyw43_driver.c.o
                0x000000001000bdcc                cyw43_hal_generate_laa_mac
 .text.cyw43_thread_enter
                0x000000001000bdf4       0x14 CMakeFiles/Graduation_Project.dir/home/uzygncr/pico/pico-sdk/src/rp2_common/pico_cyw43_driver/cyw43_driver.c.o
                0x000000001000bdf4                cyw43_thread_enter
 .text.cyw43_thread_exit
                0x000000001000be08       0x14 CMakeFiles/Graduation_Project.dir/home/uzygncr/pico/pico-sdk/src/rp2_common/pico_cyw43_driver/cyw43_driver.c.o
                0x000000001000be08                cyw43_thread_exit
 .text.cyw43_await_background_or_timeout_us
                0x000000001000be1c       0x60 CMakeFiles/Graduation_Project.dir/home/uzygncr/pico/pico-sdk/src/rp2_common/pico_cyw43_driver/cyw43_driver.c.o
                0x000000001000be1c                cyw43_await_background_or_timeout_us
 .text.cyw43_delay_ms
                0x000000001000be7c       0x44 CMakeFiles/Graduation_Project.dir/home/uzygncr/pico/pico-sdk/src/rp2_common/pico_cyw43_driver/cyw43_driver.c.o
                0x000000001000be7c                cyw43_delay_ms
 .text.handle_sync_func_call
                0x000000001000bec0       0x24 CMakeFiles/Graduation_Project.dir/home/uzygncr/pico/pico-sdk/src/rp2_common/pico_async_context/async_context_threadsafe_background.c.o
 .text.async_context_threadsafe_background_acquire_lock_blocking
                0x000000001000bee4        0xc CMakeFiles/Graduation_Project.dir/home/uzygncr/pico/pico-sdk/src/rp2_common/pico_async_context/async_context_threadsafe_background.c.o
 .text.process_under_lock
                0x000000001000bef0       0xc8 CMakeFiles/Graduation_Project.dir/home/uzygncr/pico/pico-sdk/src/rp2_common/pico_async_context/async_context_threadsafe_background.c.o
 .text.async_context_threadsafe_background_deinit
                0x000000001000bfb8       0x64 CMakeFiles/Graduation_Project.dir/home/uzygncr/pico/pico-sdk/src/rp2_common/pico_async_context/async_context_threadsafe_background.c.o
 .text.low_priority_irq_handler
                0x000000001000c01c       0x3c CMakeFiles/Graduation_Project.dir/home/uzygncr/pico/pico-sdk/src/rp2_common/pico_async_context/async_context_threadsafe_background.c.o
 .text.async_context_threadsafe_background_wait_for_work_until
                0x000000001000c058        0xc CMakeFiles/Graduation_Project.dir/home/uzygncr/pico/pico-sdk/src/rp2_common/pico_async_context/async_context_threadsafe_background.c.o
 .text.async_context_threadsafe_background_wait_until
                0x000000001000c064       0x1c CMakeFiles/Graduation_Project.dir/home/uzygncr/pico/pico-sdk/src/rp2_common/pico_async_context/async_context_threadsafe_background.c.o
 .text.async_context_threadsafe_background_lock_check
                0x000000001000c080       0x28 CMakeFiles/Graduation_Project.dir/home/uzygncr/pico/pico-sdk/src/rp2_common/pico_async_context/async_context_threadsafe_background.c.o
 .text.async_context_threadsafe_background_execute_sync
                0x000000001000c0a8       0xe4 CMakeFiles/Graduation_Project.dir/home/uzygncr/pico/pico-sdk/src/rp2_common/pico_async_context/async_context_threadsafe_background.c.o
                0x000000001000c0a8                async_context_threadsafe_background_execute_sync
 .text.async_context_threadsafe_background_set_work_pending
                0x000000001000c18c       0x50 CMakeFiles/Graduation_Project.dir/home/uzygncr/pico/pico-sdk/src/rp2_common/pico_async_context/async_context_threadsafe_background.c.o
 .text.alarm_handler
                0x000000001000c1dc       0x58 CMakeFiles/Graduation_Project.dir/home/uzygncr/pico/pico-sdk/src/rp2_common/pico_async_context/async_context_threadsafe_background.c.o
 .text.async_context_threadsafe_background_release_lock
                0x000000001000c234       0x7c CMakeFiles/Graduation_Project.dir/home/uzygncr/pico/pico-sdk/src/rp2_common/pico_async_context/async_context_threadsafe_background.c.o
 .text.async_context_threadsafe_background_when_pending_worker
                0x000000001000c2b0       0x90 CMakeFiles/Graduation_Project.dir/home/uzygncr/pico/pico-sdk/src/rp2_common/pico_async_context/async_context_threadsafe_background.c.o
 .text.async_context_threadsafe_background_remove_at_time_worker
                0x000000001000c340       0x90 CMakeFiles/Graduation_Project.dir/home/uzygncr/pico/pico-sdk/src/rp2_common/pico_async_context/async_context_threadsafe_background.c.o
 .text.async_context_threadsafe_background_add_when_pending_worker
                0x000000001000c3d0       0x90 CMakeFiles/Graduation_Project.dir/home/uzygncr/pico/pico-sdk/src/rp2_common/pico_async_context/async_context_threadsafe_background.c.o
 .text.async_context_threadsafe_background_add_at_time_worker
                0x000000001000c460       0x90 CMakeFiles/Graduation_Project.dir/home/uzygncr/pico/pico-sdk/src/rp2_common/pico_async_context/async_context_threadsafe_background.c.o
 .text.async_context_threadsafe_background_default_config
                0x000000001000c4f0        0xc CMakeFiles/Graduation_Project.dir/home/uzygncr/pico/pico-sdk/src/rp2_common/pico_async_context/async_context_threadsafe_background.c.o
                0x000000001000c4f0                async_context_threadsafe_background_default_config
 .text.async_context_threadsafe_background_init
                0x000000001000c4fc       0xa8 CMakeFiles/Graduation_Project.dir/home/uzygncr/pico/pico-sdk/src/rp2_common/pico_async_context/async_context_threadsafe_background.c.o
                0x000000001000c4fc                async_context_threadsafe_background_init
 .text.first_per_core_initializer
                0x000000001000c5a4        0x4 CMakeFiles/Graduation_Project.dir/home/uzygncr/pico/pico-sdk/src/rp2_common/pico_runtime/runtime.c.o
 .text.hard_assertion_failure
                0x000000001000c5a8        0xc CMakeFiles/Graduation_Project.dir/home/uzygncr/pico/pico-sdk/src/rp2_common/pico_runtime/runtime.c.o
                0x000000001000c5a8                hard_assertion_failure
 .text.runtime_run_initializers
                0x000000001000c5b4       0x28 CMakeFiles/Graduation_Project.dir/home/uzygncr/pico/pico-sdk/src/rp2_common/pico_runtime/runtime.c.o
                0x000000001000c5b4                runtime_run_initializers
 .text.runtime_init_early_resets
                0x000000001000c5dc       0x2c CMakeFiles/Graduation_Project.dir/home/uzygncr/pico/pico-sdk/src/rp2_common/pico_runtime_init/runtime_init.c.o
                0x000000001000c5dc                runtime_init_early_resets
 .text.runtime_init_usb_power_down
                0x000000001000c608       0x1c CMakeFiles/Graduation_Project.dir/home/uzygncr/pico/pico-sdk/src/rp2_common/pico_runtime_init/runtime_init.c.o
                0x000000001000c608                runtime_init_usb_power_down
 .text.runtime_init_post_clock_resets
                0x000000001000c624       0x20 CMakeFiles/Graduation_Project.dir/home/uzygncr/pico/pico-sdk/src/rp2_common/pico_runtime_init/runtime_init.c.o
                0x000000001000c624                runtime_init_post_clock_resets
 .text.runtime_init_rp2040_gpio_ie_disable
                0x000000001000c644       0x14 CMakeFiles/Graduation_Project.dir/home/uzygncr/pico/pico-sdk/src/rp2_common/pico_runtime_init/runtime_init.c.o
                0x000000001000c644                runtime_init_rp2040_gpio_ie_disable
 .text.runtime_init_spin_locks_reset
                0x000000001000c658        0x8 CMakeFiles/Graduation_Project.dir/home/uzygncr/pico/pico-sdk/src/rp2_common/pico_runtime_init/runtime_init.c.o
                0x000000001000c658                runtime_init_spin_locks_reset
 .text.runtime_init_install_ram_vector_table
                0x000000001000c660       0x1c CMakeFiles/Graduation_Project.dir/home/uzygncr/pico/pico-sdk/src/rp2_common/pico_runtime_init/runtime_init.c.o
                0x000000001000c660                runtime_init_install_ram_vector_table
 .text.runtime_init_clocks
                0x000000001000c67c       0xd8 CMakeFiles/Graduation_Project.dir/home/uzygncr/pico/pico-sdk/src/rp2_common/pico_runtime_init/runtime_init_clocks.c.o
                0x000000001000c67c                runtime_init_clocks
 .text          0x000000001000c754       0x10 CMakeFiles/Graduation_Project.dir/home/uzygncr/pico/pico-sdk/src/rp2_common/pico_bit_ops/bit_ops_aeabi.S.o
 .text.ctzsi    0x000000001000c764        0xc CMakeFiles/Graduation_Project.dir/home/uzygncr/pico/pico-sdk/src/rp2_common/pico_bit_ops/bit_ops_aeabi.S.o
                0x000000001000c764                __wrap___ctzsi2
 .text.__wrap___aeabi_idiv
                0x000000001000c770       0x50 CMakeFiles/Graduation_Project.dir/home/uzygncr/pico/pico-sdk/src/rp2_common/pico_divider/divider_hardware.S.o
                0x000000001000c770                __wrap___aeabi_idivmod
                0x000000001000c770                divmod_s32s32
                0x000000001000c770                div_s32s32
                0x000000001000c770                __wrap___aeabi_idiv
                0x000000001000c778                divmod_s32s32_unsafe
                0x000000001000c7a4                divmod_s32s32_savestate
 .text.__wrap___aeabi_uidiv
                0x000000001000c7c0       0x4c CMakeFiles/Graduation_Project.dir/home/uzygncr/pico/pico-sdk/src/rp2_common/pico_divider/divider_hardware.S.o
                0x000000001000c7c0                __wrap___aeabi_uidiv
                0x000000001000c7c0                __wrap___aeabi_uidivmod
                0x000000001000c7c0                div_u32u32
                0x000000001000c7c0                divmod_u32u32
                0x000000001000c7c8                divmod_u32u32_unsafe
                0x000000001000c7f0                divmod_u32u32_savestate
 .text.__wrap___aeabi_ldiv
                0x000000001000c80c      0x424 CMakeFiles/Graduation_Project.dir/home/uzygncr/pico/pico-sdk/src/rp2_common/pico_divider/divider_hardware.S.o
                0x000000001000c80c                div_s64s64
                0x000000001000c80c                divmod_s64s64
                0x000000001000c80c                __wrap___aeabi_ldivmod
                0x000000001000c83c                div_u64u64
                0x000000001000c83c                divmod_u64u64
                0x000000001000c83c                __wrap___aeabi_uldivmod
                0x000000001000c84c                divmod_u64u64_savestate
                0x000000001000c86c                divmod_s64s64_unsafe
                0x000000001000c8f4                divmod_u64u64_unsafe
 .text.__wrap___aeabi_darithmetic
                0x000000001000cc30       0x60 CMakeFiles/Graduation_Project.dir/home/uzygncr/pico/pico-sdk/src/rp2_common/pico_double/double_aeabi_rp2040.S.o
                0x000000001000cc30                __wrap___aeabi_drsub
                0x000000001000cc36                __wrap___aeabi_dsub
                0x000000001000cc40                __wrap___aeabi_dadd
                0x000000001000cc4a                __wrap___aeabi_ddiv
                0x000000001000cc7e                __wrap___aeabi_dmul
 .text.__wrap___aeabi_cdcmple
                0x000000001000cc90       0x6c CMakeFiles/Graduation_Project.dir/home/uzygncr/pico/pico-sdk/src/rp2_common/pico_double/double_aeabi_rp2040.S.o
                0x000000001000cc90                __wrap___aeabi_cdrcmple
                0x000000001000cca0                __wrap___aeabi_cdcmple
                0x000000001000cca0                __wrap___aeabi_cdcmpeq
 .text.__wrap___aeabi_dcmplt
                0x000000001000ccfc        0xc CMakeFiles/Graduation_Project.dir/home/uzygncr/pico/pico-sdk/src/rp2_common/pico_double/double_aeabi_rp2040.S.o
                0x000000001000ccfc                __wrap___aeabi_dcmplt
 .text.__wrap___aeabi_dcmple
                0x000000001000cd08       0x10 CMakeFiles/Graduation_Project.dir/home/uzygncr/pico/pico-sdk/src/rp2_common/pico_double/double_aeabi_rp2040.S.o
                0x000000001000cd08                __wrap___aeabi_dcmple
 .text.__wrap___aeabi_dcmpge
                0x000000001000cd18       0x10 CMakeFiles/Graduation_Project.dir/home/uzygncr/pico/pico-sdk/src/rp2_common/pico_double/double_aeabi_rp2040.S.o
                0x000000001000cd18                __wrap___aeabi_dcmpge
 .text.__wrap___aeabi_dcmpgt
                0x000000001000cd28        0xa CMakeFiles/Graduation_Project.dir/home/uzygncr/pico/pico-sdk/src/rp2_common/pico_double/double_aeabi_rp2040.S.o
                0x000000001000cd28                __wrap___aeabi_dcmpgt
 .text.__wrap___aeabi_dcmpun
                0x000000001000cd32       0x18 CMakeFiles/Graduation_Project.dir/home/uzygncr/pico/pico-sdk/src/rp2_common/pico_double/double_aeabi_rp2040.S.o
                0x000000001000cd32                __wrap___aeabi_dcmpun
 *fill*         0x000000001000cd4a        0x2 
 .text.__wrap___aeabi_i2d
                0x000000001000cd4c       0x38 CMakeFiles/Graduation_Project.dir/home/uzygncr/pico/pico-sdk/src/rp2_common/pico_double/double_aeabi_rp2040.S.o
                0x000000001000cd4c                __wrap___aeabi_ui2d
                0x000000001000cd54                __wrap___aeabi_i2d
 .text.__wrap___aeabi_d2iz
                0x000000001000cd84       0x48 CMakeFiles/Graduation_Project.dir/home/uzygncr/pico/pico-sdk/src/rp2_common/pico_double/double_aeabi_rp2040.S.o
                0x000000001000cd84                __wrap___aeabi_d2iz
                0x000000001000cd84                double2int_z
 .text.__wrap___aeabi_d2uiz
                0x000000001000cdcc       0x10 CMakeFiles/Graduation_Project.dir/home/uzygncr/pico/pico-sdk/src/rp2_common/pico_double/double_aeabi_rp2040.S.o
                0x000000001000cdcc                double2uint
                0x000000001000cdcc                __wrap___aeabi_d2uiz
 .text.__wrap___aeabi_l2d
                0x000000001000cddc       0x10 CMakeFiles/Graduation_Project.dir/home/uzygncr/pico/pico-sdk/src/rp2_common/pico_double/double_aeabi_rp2040.S.o
                0x000000001000cddc                __wrap___aeabi_l2d
 .text.__wrap___aeabi_d2f
                0x000000001000cdec       0x10 CMakeFiles/Graduation_Project.dir/home/uzygncr/pico/pico-sdk/src/rp2_common/pico_double/double_aeabi_rp2040.S.o
                0x000000001000cdec                __wrap___aeabi_d2f
 .text.missing_double_func_shim
                0x000000001000cdfc        0xc CMakeFiles/Graduation_Project.dir/home/uzygncr/pico/pico-sdk/src/rp2_common/pico_double/double_init_rom_rp2040.c.o
 .text.__aeabi_double_init
                0x000000001000ce08       0xa4 CMakeFiles/Graduation_Project.dir/home/uzygncr/pico/pico-sdk/src/rp2_common/pico_double/double_init_rom_rp2040.c.o
                0x000000001000ce08                __aeabi_double_init
 .text.double_table_shim_on_use_helper
                0x000000001000ceac       0x2c CMakeFiles/Graduation_Project.dir/home/uzygncr/pico/pico-sdk/src/rp2_common/pico_double/double_v1_rom_shim_rp2040.S.o
                0x000000001000ceac                double_table_shim_on_use_helper
 .text.__aeabi_lmul
                0x000000001000ced8       0x32 CMakeFiles/Graduation_Project.dir/home/uzygncr/pico/pico-sdk/src/rp2_common/pico_int64_ops/pico_int64_ops_aeabi.S.o
                0x000000001000ced8                __wrap___aeabi_lmul
 *fill*         0x000000001000cf0a        0x2 
 .text.__wrap___aeabi_farithmetic
                0x000000001000cf0c       0x48 CMakeFiles/Graduation_Project.dir/home/uzygncr/pico/pico-sdk/src/rp2_common/pico_float/float_aeabi_rp2040.S.o
                0x000000001000cf0c                __wrap___aeabi_frsub
                0x000000001000cf12                __wrap___aeabi_fsub
                0x000000001000cf18                __wrap___aeabi_fadd
                0x000000001000cf1e                __wrap___aeabi_fdiv
                0x000000001000cf46                __wrap___aeabi_fmul
 .text.__wrap___aeabi_cfcmple
                0x000000001000cf54       0x50 CMakeFiles/Graduation_Project.dir/home/uzygncr/pico/pico-sdk/src/rp2_common/pico_float/float_aeabi_rp2040.S.o
                0x000000001000cf54                __wrap___aeabi_cfrcmple
                0x000000001000cf60                __wrap___aeabi_cfcmpeq
                0x000000001000cf60                __wrap___aeabi_cfcmple
 .text.__wrap___aeabi_fcmplt
                0x000000001000cfa4        0xc CMakeFiles/Graduation_Project.dir/home/uzygncr/pico/pico-sdk/src/rp2_common/pico_float/float_aeabi_rp2040.S.o
                0x000000001000cfa4                __wrap___aeabi_fcmplt
 .text.__wrap___aeabi_fcmpge
                0x000000001000cfb0       0x10 CMakeFiles/Graduation_Project.dir/home/uzygncr/pico/pico-sdk/src/rp2_common/pico_float/float_aeabi_rp2040.S.o
                0x000000001000cfb0                __wrap___aeabi_fcmpge
 .text.__wrap___aeabi_fcmpgt
                0x000000001000cfc0        0xa CMakeFiles/Graduation_Project.dir/home/uzygncr/pico/pico-sdk/src/rp2_common/pico_float/float_aeabi_rp2040.S.o
                0x000000001000cfc0                __wrap___aeabi_fcmpgt
 *fill*         0x000000001000cfca        0x2 
 .text.__wrap___aeabi_i2f
                0x000000001000cfcc       0x44 CMakeFiles/Graduation_Project.dir/home/uzygncr/pico/pico-sdk/src/rp2_common/pico_float/float_aeabi_rp2040.S.o
                0x000000001000cfcc                int2float
                0x000000001000cfcc                __wrap___aeabi_i2f
 .text.__wrap___aeabi_f2iz
                0x000000001000d010       0x4e CMakeFiles/Graduation_Project.dir/home/uzygncr/pico/pico-sdk/src/rp2_common/pico_float/float_aeabi_rp2040.S.o
                0x000000001000d010                __wrap___aeabi_f2iz
                0x000000001000d010                float2int_z
 *fill*         0x000000001000d05e        0x2 
 .text.float2int
                0x000000001000d060        0xc CMakeFiles/Graduation_Project.dir/home/uzygncr/pico/pico-sdk/src/rp2_common/pico_float/float_aeabi_rp2040.S.o
                0x000000001000d060                float2int
 .text.__wrap___aeabi_f2uiz
                0x000000001000d06c        0xc CMakeFiles/Graduation_Project.dir/home/uzygncr/pico/pico-sdk/src/rp2_common/pico_float/float_aeabi_rp2040.S.o
                0x000000001000d06c                float2uint_z
                0x000000001000d06c                __wrap___aeabi_f2uiz
 .text.__wrap___aeabi_f2d
                0x000000001000d078        0xc CMakeFiles/Graduation_Project.dir/home/uzygncr/pico/pico-sdk/src/rp2_common/pico_float/float_aeabi_rp2040.S.o
                0x000000001000d078                __wrap___aeabi_f2d
 .text.__wrap_expf
                0x000000001000d084        0xc CMakeFiles/Graduation_Project.dir/home/uzygncr/pico/pico-sdk/src/rp2_common/pico_float/float_aeabi_rp2040.S.o
                0x000000001000d084                __wrap_expf
 .text.__wrap_logf
                0x000000001000d090        0xc CMakeFiles/Graduation_Project.dir/home/uzygncr/pico/pico-sdk/src/rp2_common/pico_float/float_aeabi_rp2040.S.o
                0x000000001000d090                __wrap_logf
 .text.missing_float_func_shim
                0x000000001000d09c        0xc CMakeFiles/Graduation_Project.dir/home/uzygncr/pico/pico-sdk/src/rp2_common/pico_float/float_init_rom_rp2040.c.o
 .text.__aeabi_float_init
                0x000000001000d0a8       0x5c CMakeFiles/Graduation_Project.dir/home/uzygncr/pico/pico-sdk/src/rp2_common/pico_float/float_init_rom_rp2040.c.o
                0x000000001000d0a8                __aeabi_float_init
 .text.__wrap_cbrtf
                0x000000001000d104       0x9c CMakeFiles/Graduation_Project.dir/home/uzygncr/pico/pico-sdk/src/rp2_common/pico_float/float_math.c.o
                0x000000001000d104                __wrap_cbrtf
 .text.__wrap_malloc
                0x000000001000d1a0       0x3c CMakeFiles/Graduation_Project.dir/home/uzygncr/pico/pico-sdk/src/rp2_common/pico_malloc/malloc.c.o
                0x000000001000d1a0                __wrap_malloc
 .text.__wrap_calloc
                0x000000001000d1dc       0x44 CMakeFiles/Graduation_Project.dir/home/uzygncr/pico/pico-sdk/src/rp2_common/pico_malloc/malloc.c.o
                0x000000001000d1dc                __wrap_calloc
 .text.__wrap_free
                0x000000001000d220       0x20 CMakeFiles/Graduation_Project.dir/home/uzygncr/pico/pico-sdk/src/rp2_common/pico_malloc/malloc.c.o
                0x000000001000d220                __wrap_free
 .text          0x000000001000d240       0x10 CMakeFiles/Graduation_Project.dir/home/uzygncr/pico/pico-sdk/src/rp2_common/pico_mem_ops/mem_ops_aeabi.S.o
                0x000000001000d240                __aeabi_mem_init
 .text.memset   0x000000001000d250        0xc CMakeFiles/Graduation_Project.dir/home/uzygncr/pico/pico-sdk/src/rp2_common/pico_mem_ops/mem_ops_aeabi.S.o
                0x000000001000d250                __wrap_memset
 .text.memcpy   0x000000001000d25c        0xc CMakeFiles/Graduation_Project.dir/home/uzygncr/pico/pico-sdk/src/rp2_common/pico_mem_ops/mem_ops_aeabi.S.o
                0x000000001000d25c                __wrap___aeabi_memcpy
                0x000000001000d25c                __wrap_memcpy
 .text._out_null
                0x000000001000d268        0x4 CMakeFiles/Graduation_Project.dir/home/uzygncr/pico/pico-sdk/src/rp2_common/pico_printf/printf.c.o
 .text._out_rev
                0x000000001000d26c       0x9c CMakeFiles/Graduation_Project.dir/home/uzygncr/pico/pico-sdk/src/rp2_common/pico_printf/printf.c.o
 .text._ntoa_format
                0x000000001000d308      0x1cc CMakeFiles/Graduation_Project.dir/home/uzygncr/pico/pico-sdk/src/rp2_common/pico_printf/printf.c.o
 .text._out_char
                0x000000001000d4d4       0x10 CMakeFiles/Graduation_Project.dir/home/uzygncr/pico/pico-sdk/src/rp2_common/pico_printf/printf.c.o
 .text._out_fct
                0x000000001000d4e4       0x10 CMakeFiles/Graduation_Project.dir/home/uzygncr/pico/pico-sdk/src/rp2_common/pico_printf/printf.c.o
 .text._etoa    0x000000001000d4f4      0x44c CMakeFiles/Graduation_Project.dir/home/uzygncr/pico/pico-sdk/src/rp2_common/pico_printf/printf.c.o
 .text._ftoa    0x000000001000d940      0x398 CMakeFiles/Graduation_Project.dir/home/uzygncr/pico/pico-sdk/src/rp2_common/pico_printf/printf.c.o
 .text._vsnprintf
                0x000000001000dcd8      0xb04 CMakeFiles/Graduation_Project.dir/home/uzygncr/pico/pico-sdk/src/rp2_common/pico_printf/printf.c.o
 .text.vfctprintf
                0x000000001000e7dc       0x20 CMakeFiles/Graduation_Project.dir/home/uzygncr/pico/pico-sdk/src/rp2_common/pico_printf/printf.c.o
                0x000000001000e7dc                vfctprintf
 .text.weak_raw_vprintf
                0x000000001000e7fc       0x30 CMakeFiles/Graduation_Project.dir/home/uzygncr/pico/pico-sdk/src/rp2_common/pico_printf/printf.c.o
                0x000000001000e7fc                weak_raw_vprintf
 .text._exit    0x000000001000e82c        0x4 CMakeFiles/Graduation_Project.dir/home/uzygncr/pico/pico-sdk/src/rp2_common/pico_clib_interface/newlib_interface.c.o
                0x000000001000e82c                _exit
 .text._sbrk    0x000000001000e830       0x34 CMakeFiles/Graduation_Project.dir/home/uzygncr/pico/pico-sdk/src/rp2_common/pico_clib_interface/newlib_interface.c.o
                0x000000001000e830                _sbrk
 .text.exit     0x000000001000e864        0x8 CMakeFiles/Graduation_Project.dir/home/uzygncr/pico/pico-sdk/src/rp2_common/pico_clib_interface/newlib_interface.c.o
                0x000000001000e864                exit
 .text.runtime_init
                0x000000001000e86c       0x2c CMakeFiles/Graduation_Project.dir/home/uzygncr/pico/pico-sdk/src/rp2_common/pico_clib_interface/newlib_interface.c.o
                0x000000001000e86c                runtime_init
 .text.stdio_out_chars_no_crlf
                0x000000001000e898       0x10 CMakeFiles/Graduation_Project.dir/home/uzygncr/pico/pico-sdk/src/rp2_common/pico_stdio/stdio.c.o
 .text.stdio_out_chars_crlf
                0x000000001000e8a8       0xb4 CMakeFiles/Graduation_Project.dir/home/uzygncr/pico/pico-sdk/src/rp2_common/pico_stdio/stdio.c.o
 .text.stdio_buffered_printer
                0x000000001000e95c       0x64 CMakeFiles/Graduation_Project.dir/home/uzygncr/pico/pico-sdk/src/rp2_common/pico_stdio/stdio.c.o
 .text.stdio_put_string
                0x000000001000e9c0      0x100 CMakeFiles/Graduation_Project.dir/home/uzygncr/pico/pico-sdk/src/rp2_common/pico_stdio/stdio.c.o
                0x000000001000e9c0                stdio_put_string
 .text.stdio_set_driver_enabled